✅ PIL already installed.
✅ librosa already installed.
✅ pygltflib already installed.
🖼️  Mapped 2 ARC-AGI images.
🔊 Mapped 1 HLE audio files.
🔁 Resuming training — 3 clusters already trained.
✅ Skipping house_book_foundations — already trained.
✅ Skipping house_mirror_room_orientation — already trained.
✅ Skipping house_workshop_table — already trained.
✅ Phase 22 Training Resumed — nothing new to train.
⚠️  Failed to auto-commit Phase 23 plan: On branch main
Your branch is ahead of 'origin/main' by 20 commits.
  (use "git push" to publish your local commits)

Changes not staged for commit:
  (use "git add <file>..." to update what will be committed)
  (use "git restore <file>..." to discard changes in working directory)
	modified:   knowledge3d/cranium/phase22/galaxy_memory_updater.py
	modified:   knowledge3d/tools/phase18/meaning_cluster_trainer.py
	modified:   logs/phase22_clusters.json
	modified:   logs/sample_test_phase20_report.json

Untracked files:
  (use "git add <file>..." to include in what will be committed)
	logs/phase18_resume_run.out
	viewer/public/galaxy/chat_sessions/

no changes added to commit (use "git add" and/or "git commit -a")
