/K3D/Knowledge3D/knowledge3d/cranium/fused_head.py:334: FutureWarning: You are using `torch.load` with `weights_only=False` (the current default value), which uses the default pickle module implicitly. It is possible to construct malicious pickle data which will execute arbitrary code during unpickling (See https://github.com/pytorch/pytorch/blob/main/SECURITY.md#untrusted-models for more details). In a future release, the default value for `weights_only` will be flipped to `True`. This limits the functions that could be executed during unpickling. Arbitrary objects will no longer be allowed to be loaded via this mode unless they are explicitly allowlisted by the user via `torch.serialization.add_safe_globals`. We recommend you start setting `weights_only=True` for any use case where you don't have full control of the loaded file. Please open an issue on GitHub for any issues related to this experimental feature.
  state = torch.load(str(self._math_ckpt_path), map_location=self.device)
Traceback (most recent call last):
  File "<frozen runpy>", line 198, in _run_module_as_main
  File "<frozen runpy>", line 88, in _run_code
  File "/K3D/Knowledge3D/knowledge3d/tools/phase25/math_bench_evaluator.py", line 220, in <module>
    main()
  File "/K3D/Knowledge3D/knowledge3d/tools/phase25/math_bench_evaluator.py", line 210, in main
    report = run(repos=repos, limit=int(max(1, args.limit)))
             ^^^^^^^^^^^^^^^^^^^^^^^^^^^^^^^^^^^^^^^^^^^^^^^
  File "/K3D/Knowledge3D/knowledge3d/tools/phase25/math_bench_evaluator.py", line 182, in run
    suites.append(evaluate_dataset(repo, split="train", limit=limit))
                  ^^^^^^^^^^^^^^^^^^^^^^^^^^^^^^^^^^^^^^^^^^^^^^^^^^
  File "/K3D/Knowledge3D/knowledge3d/tools/phase25/math_bench_evaluator.py", line 94, in evaluate_dataset
    pred_raw = fh.predict(q, trainer.generate_multi_modal_embedding(q))
               ^^^^^^^^^^^^^^^^^^^^^^^^^^^^^^^^^^^^^^^^^^^^^^^^^^^^^^^^
  File "/K3D/Knowledge3D/knowledge3d/cranium/fused_head.py", line 106, in predict
    if query and str(_os.environ.get("K3D_DISABLE_TEXT_MODALITY", "0")).lower() not in {"1","true","yes"}:
                     ^^^
UnboundLocalError: cannot access local variable '_os' where it is not associated with a value

ERROR conda.cli.main_run:execute(127): `conda run env PYTHONPATH=. python -m knowledge3d.tools.phase25.math_bench_evaluator --auto --limit 50` failed. (See above for error)
✅ PIL already installed.
✅ librosa already installed.
✅ pygltflib already installed.
🖼️  Mapped 0 ARC-AGI images.
🔊 Mapped 1 HLE audio files.

