[Phase21] Generating auto clusters...
✅ PIL already installed.
📦 Installing librosa via conda (conda-forge)...
⚠️  Auto-install for librosa failed: [Errno 2] No such file or directory: 'conda'
✅ pygltflib already installed.
🖼️  Mapped 0 ARC-AGI images.
🔊 Mapped 0 HLE audio files.
💾 Phase 21 auto‑clusters saved: logs/phase21_auto_clusters.json
[Phase21] Running training across clusters...
✅ PIL already installed.
📦 Installing librosa via conda (conda-forge)...
⚠️  Auto-install for librosa failed: [Errno 2] No such file or directory: 'conda'
✅ pygltflib already installed.
🖼️  Mapped 0 ARC-AGI images.
🔊 Mapped 0 HLE audio files.
💾 Phase 21 auto‑clusters saved: logs/phase21_auto_clusters.json

▶ Training cluster: phi_depth_math

🧠 TRAINING ON MEANING CLUSTER: phi_depth_math
   Description: Golden‑ratio depth under honesty scaling

Q1: Compute depth = int(φ * 0.65 * 10) via RPN.
⚠️  Failed to generate shape embedding for viewer/public/house/materialized_objects/shape_cube_1757927798.glb: argument of type 'Attributes' is not iterable
🧠 Student Answer: 8
❌ -1 point. Incorrect or cross‑modally inconsistent.

Q2: Compute depth = int(φ * 0.66 * 10) via RPN.
⚠️  Failed to generate shape embedding for viewer/public/house/materialized_objects/shape_cube_1757927798.glb: argument of type 'Attributes' is not iterable
🧠 Student Answer: 9
❌ -1 point. Incorrect or cross‑modally inconsistent.

Q3: Compute depth = int(φ * 0.67 * 10) via RPN.
⚠️  Failed to generate shape embedding for viewer/public/house/materialized_objects/shape_cube_1757927798.glb: argument of type 'Attributes' is not iterable
🧠 Student Answer: 11
⚠️  +0.5 point. Partially correct — cross‑modal inconsistency detected.

Q4: Compute depth = int(φ * 0.68 * 10) via RPN.
⚠️  Failed to generate shape embedding for viewer/public/house/materialized_objects/shape_cube_1757927798.glb: argument of type 'Attributes' is not iterable
🧠 Student Answer: 9
❌ -1 point. Incorrect or cross‑modally inconsistent.

Q5: Compute depth = int(φ * 0.69 * 10) via RPN.
⚠️  Failed to generate shape embedding for viewer/public/house/materialized_objects/shape_cube_1757927798.glb: argument of type 'Attributes' is not iterable
🧠 Student Answer: 8
❌ -1 point. Incorrect or cross‑modally inconsistent.

Q6: Compute depth = int(φ * 0.70 * 10) via RPN.
⚠️  Failed to generate shape embedding for viewer/public/house/materialized_objects/shape_cube_1757927798.glb: argument of type 'Attributes' is not iterable
🧠 Student Answer: 8
❌ -1 point. Incorrect or cross‑modally inconsistent.

Q7: Compute depth = int(φ * 0.71 * 10) via RPN.
⚠️  Failed to generate shape embedding for viewer/public/house/materialized_objects/shape_cube_1757927798.glb: argument of type 'Attributes' is not iterable
🧠 Student Answer: 8
❌ -1 point. Incorrect or cross‑modally inconsistent.

Q8: Compute depth = int(φ * 0.72 * 10) via RPN.
⚠️  Failed to generate shape embedding for viewer/public/house/materialized_objects/shape_cube_1757927798.glb: argument of type 'Attributes' is not iterable
🧠 Student Answer: 8
❌ -1 point. Incorrect or cross‑modally inconsistent.

Q9: Compute depth = int(φ * 0.73 * 10) via RPN.
⚠️  Failed to generate shape embedding for viewer/public/house/materialized_objects/shape_cube_1757927798.glb: argument of type 'Attributes' is not iterable
🧠 Student Answer: 8
❌ -1 point. Incorrect or cross‑modally inconsistent.

Q10: Compute depth = int(φ * 0.74 * 10) via RPN.
⚠️  Failed to generate shape embedding for viewer/public/house/materialized_objects/shape_cube_1757927798.glb: argument of type 'Attributes' is not iterable
🧠 Student Answer: 8
❌ -1 point. Incorrect or cross‑modally inconsistent.

Q11: Compute depth = int(φ * 0.65 * 10) via RPN.
⚠️  Failed to generate shape embedding for viewer/public/house/materialized_objects/shape_cube_1757927798.glb: argument of type 'Attributes' is not iterable
🧠 Student Answer: 8
❌ -1 point. Incorrect or cross‑modally inconsistent.

Q12: Compute depth = int(φ * 0.66 * 10) via RPN.
⚠️  Failed to generate shape embedding for viewer/public/house/materialized_objects/shape_cube_1757927798.glb: argument of type 'Attributes' is not iterable
🧠 Student Answer: 8
⚠️  +0.5 point. Partially correct — cross‑modal inconsistency detected.

Q13: Compute depth = int(φ * 0.67 * 10) via RPN.
⚠️  Failed to generate shape embedding for viewer/public/house/materialized_objects/shape_cube_1757927798.glb: argument of type 'Attributes' is not iterable
🧠 Student Answer: 8
⚠️  +0.5 point. Partially correct — cross‑modal inconsistency detected.

Q14: Compute depth = int(φ * 0.68 * 10) via RPN.
⚠️  Failed to generate shape embedding for viewer/public/house/materialized_objects/shape_cube_1757927798.glb: argument of type 'Attributes' is not iterable
🧠 Student Answer: 10
❌ -1 point. Incorrect or cross‑modally inconsistent.

Q15: Compute depth = int(φ * 0.69 * 10) via RPN.
⚠️  Failed to generate shape embedding for viewer/public/house/materialized_objects/shape_cube_1757927798.glb: argument of type 'Attributes' is not iterable
🧠 Student Answer: 8
❌ -1 point. Incorrect or cross‑modally inconsistent.

Q16: Compute depth = int(φ * 0.70 * 10) via RPN.
⚠️  Failed to generate shape embedding for viewer/public/house/materialized_objects/shape_cube_1757927798.glb: argument of type 'Attributes' is not iterable
🧠 Student Answer: 8
❌ -1 point. Incorrect or cross‑modally inconsistent.

Q17: Compute depth = int(φ * 0.71 * 10) via RPN.
⚠️  Failed to generate shape embedding for viewer/public/house/materialized_objects/shape_cube_1757927798.glb: argument of type 'Attributes' is not iterable
🧠 Student Answer: 8
❌ -1 point. Incorrect or cross‑modally inconsistent.

Q18: Compute depth = int(φ * 0.72 * 10) via RPN.
⚠️  Failed to generate shape embedding for viewer/public/house/materialized_objects/shape_cube_1757927798.glb: argument of type 'Attributes' is not iterable
🧠 Student Answer: 8
❌ -1 point. Incorrect or cross‑modally inconsistent.

Q19: Compute depth = int(φ * 0.73 * 10) via RPN.
⚠️  Failed to generate shape embedding for viewer/public/house/materialized_objects/shape_cube_1757927798.glb: argument of type 'Attributes' is not iterable
🧠 Student Answer: 9
❌ -1 point. Incorrect or cross‑modally inconsistent.

Q20: Compute depth = int(φ * 0.74 * 10) via RPN.
⚠️  Failed to generate shape embedding for viewer/public/house/materialized_objects/shape_cube_1757927798.glb: argument of type 'Attributes' is not iterable
🧠 Student Answer: 8
❌ -1 point. Incorrect or cross‑modally inconsistent.

Q21: Compute depth = int(φ * 0.65 * 10) via RPN.
⚠️  Failed to generate shape embedding for viewer/public/house/materialized_objects/shape_cube_1757927798.glb: argument of type 'Attributes' is not iterable
🧠 Student Answer: 11
❌ -1 point. Incorrect or cross‑modally inconsistent.

Q22: Compute depth = int(φ * 0.66 * 10) via RPN.
⚠️  Failed to generate shape embedding for viewer/public/house/materialized_objects/shape_cube_1757927798.glb: argument of type 'Attributes' is not iterable
🧠 Student Answer: 8
❌ -1 point. Incorrect or cross‑modally inconsistent.

Q23: Compute depth = int(φ * 0.67 * 10) via RPN.
⚠️  Failed to generate shape embedding for viewer/public/house/materialized_objects/shape_cube_1757927798.glb: argument of type 'Attributes' is not iterable
🧠 Student Answer: 8
❌ -1 point. Incorrect or cross‑modally inconsistent.

Q24: Compute depth = int(φ * 0.68 * 10) via RPN.
⚠️  Failed to generate shape embedding for viewer/public/house/materialized_objects/shape_cube_1757927798.glb: argument of type 'Attributes' is not iterable
🧠 Student Answer: 8
❌ -1 point. Incorrect or cross‑modally inconsistent.

Q25: Compute depth = int(φ * 0.69 * 10) via RPN.
⚠️  Failed to generate shape embedding for viewer/public/house/materialized_objects/shape_cube_1757927798.glb: argument of type 'Attributes' is not iterable
🧠 Student Answer: 10
❌ -1 point. Incorrect or cross‑modally inconsistent.

Q26: Compute depth = int(φ * 0.70 * 10) via RPN.
⚠️  Failed to generate shape embedding for viewer/public/house/materialized_objects/shape_cube_1757927798.glb: argument of type 'Attributes' is not iterable
🧠 Student Answer: 8
❌ -1 point. Incorrect or cross‑modally inconsistent.

Q27: Compute depth = int(φ * 0.71 * 10) via RPN.
⚠️  Failed to generate shape embedding for viewer/public/house/materialized_objects/shape_cube_1757927798.glb: argument of type 'Attributes' is not iterable
🧠 Student Answer: 9
❌ -1 point. Incorrect or cross‑modally inconsistent.

Q28: Compute depth = int(φ * 0.72 * 10) via RPN.
⚠️  Failed to generate shape embedding for viewer/public/house/materialized_objects/shape_cube_1757927798.glb: argument of type 'Attributes' is not iterable
🧠 Student Answer: 10
⚠️  +0.5 point. Partially correct — cross‑modal inconsistency detected.

Q29: Compute depth = int(φ * 0.73 * 10) via RPN.
⚠️  Failed to generate shape embedding for viewer/public/house/materialized_objects/shape_cube_1757927798.glb: argument of type 'Attributes' is not iterable
🧠 Student Answer: 10
❌ -1 point. Incorrect or cross‑modally inconsistent.

Q30: Compute depth = int(φ * 0.74 * 10) via RPN.
⚠️  Failed to generate shape embedding for viewer/public/house/materialized_objects/shape_cube_1757927798.glb: argument of type 'Attributes' is not iterable
🧠 Student Answer: 8
❌ -1 point. Incorrect or cross‑modally inconsistent.

📊 Cluster phi_depth_math Training Complete: 0/30 correct (0%)
🌟 Consolidated Fused Star to Galaxy: viewer/public/galaxy/working/star_phi_depth_math_1757976997.json
🏛️  Relocated to Learning Museum: diary_cluster_phi_depth_math_1757971292.json (was in Zone 7 (Mirror Room))
🏛️  Relocated to Learning Museum: book_cluster_phi_depth_math_1757971292.json (was in Zone 7 (Mirror Room))
🏛️  Relocated to Learning Museum: shape_cluster_phi_depth_math_1757971292.json (was in Zone 7 (Mirror Room))
✅ 3 artifacts relocated to Learning Museum for cluster 'phi_depth_math'.
📚 Consolidated Book: viewer/public/house/materialized_objects/book_cluster_phi_depth_math_1757976997.json
🌀 Consolidated Shape: viewer/public/house/materialized_objects/shape_cluster_phi_depth_math_1757976997.json
🧠 Consolidated Diary: viewer/public/house/materialized_objects/diary_cluster_phi_depth_math_1757976997.json
🎓 MEANING CLUSTER 'phi_depth_math' TRAINED AND CONSOLIDATED.

▶ Training cluster: fusion_shapes

🧠 TRAINING ON MEANING CLUSTER: fusion_shapes
   Description: Modal fusion geometries

Q1: Which fusion shape encodes text+image+audio+3d under honesty >= 0.75?
⚠️  Failed to generate shape embedding for viewer/public/house/materialized_objects/shape_cube_1757927798.glb: argument of type 'Attributes' is not iterable
🧠 Student Answer: fractal_tree
⚠️  +0.5 point. Partially correct — cross‑modal inconsistency detected.

Q2: Which fusion shape encodes text+image+audio under honesty >= 0.75?
⚠️  Failed to generate shape embedding for viewer/public/house/materialized_objects/shape_cube_1757927798.glb: argument of type 'Attributes' is not iterable
🧠 Student Answer: entropy_ray
❌ -1 point. Incorrect or cross‑modally inconsistent.

Q3: Which fusion shape encodes text+image+audio under honesty >= 0.75?
⚠️  Failed to generate shape embedding for viewer/public/house/materialized_objects/shape_cube_1757927798.glb: argument of type 'Attributes' is not iterable
🧠 Student Answer: render_ray_if_honest_kernel
⚠️  +0.5 point. Partially correct — cross‑modal inconsistency detected.

Q4: Which fusion shape encodes text+image+audio+3d under honesty >= 0.75?
⚠️  Failed to generate shape embedding for viewer/public/house/materialized_objects/shape_cube_1757927798.glb: argument of type 'Attributes' is not iterable
🧠 Student Answer: render_ray_if_honest_kernel
❌ -1 point. Incorrect or cross‑modally inconsistent.

Q5: Which fusion shape encodes text+image+audio under honesty >= 0.75?
⚠️  Failed to generate shape embedding for viewer/public/house/materialized_objects/shape_cube_1757927798.glb: argument of type 'Attributes' is not iterable
🧠 Student Answer: render_ray_if_honest_kernel
❌ -1 point. Incorrect or cross‑modally inconsistent.

Q6: Which fusion shape encodes text+image+audio under honesty >= 0.75?
⚠️  Failed to generate shape embedding for viewer/public/house/materialized_objects/shape_cube_1757927798.glb: argument of type 'Attributes' is not iterable
🧠 Student Answer: render_ray_if_honest_kernel
❌ -1 point. Incorrect or cross‑modally inconsistent.

Q7: Which fusion shape encodes text+image+audio+3d under honesty >= 0.75?
⚠️  Failed to generate shape embedding for viewer/public/house/materialized_objects/shape_cube_1757927798.glb: argument of type 'Attributes' is not iterable
🧠 Student Answer: octahedron
❌ -1 point. Incorrect or cross‑modally inconsistent.

Q8: Which fusion shape encodes text+image+audio under honesty >= 0.75?
⚠️  Failed to generate shape embedding for viewer/public/house/materialized_objects/shape_cube_1757927798.glb: argument of type 'Attributes' is not iterable
🧠 Student Answer: icosahedron
✅ +1 point. Correct and cross‑modally consistent.

Q9: Which fusion shape encodes text+image+audio under honesty >= 0.75?
⚠️  Failed to generate shape embedding for viewer/public/house/materialized_objects/shape_cube_1757927798.glb: argument of type 'Attributes' is not iterable
🧠 Student Answer: hypersphere_projection
❌ -1 point. Incorrect or cross‑modally inconsistent.

Q10: Which fusion shape encodes text+image+audio+3d under honesty >= 0.75?
⚠️  Failed to generate shape embedding for viewer/public/house/materialized_objects/shape_cube_1757927798.glb: argument of type 'Attributes' is not iterable
🧠 Student Answer: map_ray_thickness_to_resolution_kernel
❌ -1 point. Incorrect or cross‑modally inconsistent.

Q11: Which fusion shape encodes text+image+audio under honesty >= 0.75?
⚠️  Failed to generate shape embedding for viewer/public/house/materialized_objects/shape_cube_1757927798.glb: argument of type 'Attributes' is not iterable
🧠 Student Answer: adjust_zone_position_kernel
❌ -1 point. Incorrect or cross‑modally inconsistent.

Q12: Which fusion shape encodes text+image+audio under honesty >= 0.75?
⚠️  Failed to generate shape embedding for viewer/public/house/materialized_objects/shape_cube_1757927798.glb: argument of type 'Attributes' is not iterable
🧠 Student Answer: octahedron
❌ -1 point. Incorrect or cross‑modally inconsistent.

Q13: Which fusion shape encodes text+image+audio+3d under honesty >= 0.75?
⚠️  Failed to generate shape embedding for viewer/public/house/materialized_objects/shape_cube_1757927798.glb: argument of type 'Attributes' is not iterable
🧠 Student Answer: cube
❌ -1 point. Incorrect or cross‑modally inconsistent.

Q14: Which fusion shape encodes text+image+audio under honesty >= 0.75?
⚠️  Failed to generate shape embedding for viewer/public/house/materialized_objects/shape_cube_1757927798.glb: argument of type 'Attributes' is not iterable
🧠 Student Answer: octahedron
⚠️  +0.5 point. Partially correct — cross‑modal inconsistency detected.

Q15: Which fusion shape encodes text+image+audio under honesty >= 0.75?
⚠️  Failed to generate shape embedding for viewer/public/house/materialized_objects/shape_cube_1757927798.glb: argument of type 'Attributes' is not iterable
🧠 Student Answer: icosahedron
✅ +1 point. Correct and cross‑modally consistent.

Q16: Which fusion shape encodes text+image+audio+3d under honesty >= 0.75?
⚠️  Failed to generate shape embedding for viewer/public/house/materialized_objects/shape_cube_1757927798.glb: argument of type 'Attributes' is not iterable
🧠 Student Answer: dodecahedron
⚠️  +0.5 point. Partially correct — cross‑modal inconsistency detected.

Q17: Which fusion shape encodes text+image+audio under honesty >= 0.75?
⚠️  Failed to generate shape embedding for viewer/public/house/materialized_objects/shape_cube_1757927798.glb: argument of type 'Attributes' is not iterable
🧠 Student Answer: fractal_tree
⚠️  +0.5 point. Partially correct — cross‑modal inconsistency detected.

Q18: Which fusion shape encodes text+image+audio under honesty >= 0.75?
⚠️  Failed to generate shape embedding for viewer/public/house/materialized_objects/shape_cube_1757927798.glb: argument of type 'Attributes' is not iterable
🧠 Student Answer: icosahedron
✅ +1 point. Correct and cross‑modally consistent.

Q19: Which fusion shape encodes text+image+audio+3d under honesty >= 0.75?
⚠️  Failed to generate shape embedding for viewer/public/house/materialized_objects/shape_cube_1757927798.glb: argument of type 'Attributes' is not iterable
🧠 Student Answer: hypersphere_projection
⚠️  +0.5 point. Partially correct — cross‑modal inconsistency detected.

Q20: Which fusion shape encodes text+image+audio under honesty >= 0.75?
⚠️  Failed to generate shape embedding for viewer/public/house/materialized_objects/shape_cube_1757927798.glb: argument of type 'Attributes' is not iterable
🧠 Student Answer: tetrahedron
⚠️  +0.5 point. Partially correct — cross‑modal inconsistency detected.

Q21: Which fusion shape encodes text+image+audio under honesty >= 0.75?
⚠️  Failed to generate shape embedding for viewer/public/house/materialized_objects/shape_cube_1757927798.glb: argument of type 'Attributes' is not iterable
🧠 Student Answer: render_ray_if_honest_kernel
❌ -1 point. Incorrect or cross‑modally inconsistent.

Q22: Which fusion shape encodes text+image+audio+3d under honesty >= 0.75?
⚠️  Failed to generate shape embedding for viewer/public/house/materialized_objects/shape_cube_1757927798.glb: argument of type 'Attributes' is not iterable
🧠 Student Answer: entropy_ray
⚠️  +0.5 point. Partially correct — cross‑modal inconsistency detected.

Q23: Which fusion shape encodes text+image+audio under honesty >= 0.75?
⚠️  Failed to generate shape embedding for viewer/public/house/materialized_objects/shape_cube_1757927798.glb: argument of type 'Attributes' is not iterable
🧠 Student Answer: icosahedron
❌ -1 point. Incorrect or cross‑modally inconsistent.

Q24: Which fusion shape encodes text+image+audio under honesty >= 0.75?
⚠️  Failed to generate shape embedding for viewer/public/house/materialized_objects/shape_cube_1757927798.glb: argument of type 'Attributes' is not iterable
🧠 Student Answer: modality_ray
⚠️  +0.5 point. Partially correct — cross‑modal inconsistency detected.

Q25: Which fusion shape encodes text+image+audio+3d under honesty >= 0.75?
⚠️  Failed to generate shape embedding for viewer/public/house/materialized_objects/shape_cube_1757927798.glb: argument of type 'Attributes' is not iterable
🧠 Student Answer: hypersphere_projection
❌ -1 point. Incorrect or cross‑modally inconsistent.

Q26: Which fusion shape encodes text+image+audio under honesty >= 0.75?
⚠️  Failed to generate shape embedding for viewer/public/house/materialized_objects/shape_cube_1757927798.glb: argument of type 'Attributes' is not iterable
🧠 Student Answer: tetrahedron
❌ -1 point. Incorrect or cross‑modally inconsistent.

Q27: Which fusion shape encodes text+image+audio under honesty >= 0.75?
⚠️  Failed to generate shape embedding for viewer/public/house/materialized_objects/shape_cube_1757927798.glb: argument of type 'Attributes' is not iterable
🧠 Student Answer: fractal_tree
❌ -1 point. Incorrect or cross‑modally inconsistent.

Q28: Which fusion shape encodes text+image+audio+3d under honesty >= 0.75?
⚠️  Failed to generate shape embedding for viewer/public/house/materialized_objects/shape_cube_1757927798.glb: argument of type 'Attributes' is not iterable
🧠 Student Answer: fractal_tree
⚠️  +0.5 point. Partially correct — cross‑modal inconsistency detected.

Q29: Which fusion shape encodes text+image+audio under honesty >= 0.75?
⚠️  Failed to generate shape embedding for viewer/public/house/materialized_objects/shape_cube_1757927798.glb: argument of type 'Attributes' is not iterable
🧠 Student Answer: render_ray_if_honest_kernel
❌ -1 point. Incorrect or cross‑modally inconsistent.

Q30: Which fusion shape encodes text+image+audio under honesty >= 0.75?
⚠️  Failed to generate shape embedding for viewer/public/house/materialized_objects/shape_cube_1757927798.glb: argument of type 'Attributes' is not iterable
🧠 Student Answer: render_ray_if_honest_kernel
❌ -1 point. Incorrect or cross‑modally inconsistent.

📊 Cluster fusion_shapes Training Complete: 3/30 correct (10%)
🌟 Consolidated Fused Star to Galaxy: viewer/public/galaxy/working/star_fusion_shapes_1757978197.json
🏛️  Relocated to Learning Museum: book_cluster_fusion_shapes_1757972482.json (was in Zone 3 (Library))
🏛️  Relocated to Learning Museum: shape_cluster_fusion_shapes_1757972482.json (was in Zone 3 (Library))
🏛️  Relocated to Learning Museum: diary_cluster_fusion_shapes_1757972482.json (was in Zone 3 (Library))
✅ 3 artifacts relocated to Learning Museum for cluster 'fusion_shapes'.
📚 Consolidated Book: viewer/public/house/materialized_objects/book_cluster_fusion_shapes_1757978197.json
🌀 Consolidated Shape: viewer/public/house/materialized_objects/shape_cluster_fusion_shapes_1757978197.json
🧠 Consolidated Diary: viewer/public/house/materialized_objects/diary_cluster_fusion_shapes_1757978197.json
🎓 MEANING CLUSTER 'fusion_shapes' TRAINED AND CONSOLIDATED.

▶ Training cluster: ray_semantics

🧠 TRAINING ON MEANING CLUSTER: ray_semantics
   Description: Ray thickness ↔ resolution; kernel mapping

Q1: If ray color=red and thickness=0.05, what modality and resolution?
⚠️  Failed to generate shape embedding for viewer/public/house/materialized_objects/shape_cube_1757927798.glb: argument of type 'Attributes' is not iterable
🧠 Student Answer: audio, medium
❌ -1 point. Incorrect or cross‑modally inconsistent.

Q2: What kernel maps ray thickness to embedding resolution?
⚠️  Failed to generate shape embedding for viewer/public/house/materialized_objects/shape_cube_1757927798.glb: argument of type 'Attributes' is not iterable
🧠 Student Answer: audio, medium
❌ -1 point. Incorrect or cross‑modally inconsistent.

Q3: If ray color=red and thickness=0.05, what modality and resolution?
⚠️  Failed to generate shape embedding for viewer/public/house/materialized_objects/shape_cube_1757927798.glb: argument of type 'Attributes' is not iterable
🧠 Student Answer: audio, medium
❌ -1 point. Incorrect or cross‑modally inconsistent.

Q4: What kernel maps ray thickness to embedding resolution?
⚠️  Failed to generate shape embedding for viewer/public/house/materialized_objects/shape_cube_1757927798.glb: argument of type 'Attributes' is not iterable
🧠 Student Answer: audio, medium
❌ -1 point. Incorrect or cross‑modally inconsistent.

Q5: If ray color=red and thickness=0.05, what modality and resolution?
⚠️  Failed to generate shape embedding for viewer/public/house/materialized_objects/shape_cube_1757927798.glb: argument of type 'Attributes' is not iterable
🧠 Student Answer: audio, medium
✅ +1 point. Correct and cross‑modally consistent.

Q6: What kernel maps ray thickness to embedding resolution?
⚠️  Failed to generate shape embedding for viewer/public/house/materialized_objects/shape_cube_1757927798.glb: argument of type 'Attributes' is not iterable
🧠 Student Answer: audio, medium
⚠️  +0.5 point. Partially correct — cross‑modal inconsistency detected.

Q7: If ray color=red and thickness=0.05, what modality and resolution?
⚠️  Failed to generate shape embedding for viewer/public/house/materialized_objects/shape_cube_1757927798.glb: argument of type 'Attributes' is not iterable
🧠 Student Answer: audio, medium
✅ +1 point. Correct and cross‑modally consistent.

Q8: What kernel maps ray thickness to embedding resolution?
⚠️  Failed to generate shape embedding for viewer/public/house/materialized_objects/shape_cube_1757927798.glb: argument of type 'Attributes' is not iterable
🧠 Student Answer: audio, medium
⚠️  +0.5 point. Partially correct — cross‑modal inconsistency detected.

Q9: If ray color=red and thickness=0.05, what modality and resolution?
⚠️  Failed to generate shape embedding for viewer/public/house/materialized_objects/shape_cube_1757927798.glb: argument of type 'Attributes' is not iterable
🧠 Student Answer: audio, medium
❌ -1 point. Incorrect or cross‑modally inconsistent.

Q10: What kernel maps ray thickness to embedding resolution?
⚠️  Failed to generate shape embedding for viewer/public/house/materialized_objects/shape_cube_1757927798.glb: argument of type 'Attributes' is not iterable
🧠 Student Answer: audio, medium
❌ -1 point. Incorrect or cross‑modally inconsistent.

Q11: If ray color=red and thickness=0.05, what modality and resolution?
⚠️  Failed to generate shape embedding for viewer/public/house/materialized_objects/shape_cube_1757927798.glb: argument of type 'Attributes' is not iterable
🧠 Student Answer: audio, medium
❌ -1 point. Incorrect or cross‑modally inconsistent.

Q12: What kernel maps ray thickness to embedding resolution?
⚠️  Failed to generate shape embedding for viewer/public/house/materialized_objects/shape_cube_1757927798.glb: argument of type 'Attributes' is not iterable
🧠 Student Answer: audio, medium
❌ -1 point. Incorrect or cross‑modally inconsistent.

Q13: If ray color=red and thickness=0.05, what modality and resolution?
⚠️  Failed to generate shape embedding for viewer/public/house/materialized_objects/shape_cube_1757927798.glb: argument of type 'Attributes' is not iterable
🧠 Student Answer: audio, medium
❌ -1 point. Incorrect or cross‑modally inconsistent.

Q14: What kernel maps ray thickness to embedding resolution?
⚠️  Failed to generate shape embedding for viewer/public/house/materialized_objects/shape_cube_1757927798.glb: argument of type 'Attributes' is not iterable
🧠 Student Answer: audio, medium
❌ -1 point. Incorrect or cross‑modally inconsistent.

Q15: If ray color=red and thickness=0.05, what modality and resolution?
⚠️  Failed to generate shape embedding for viewer/public/house/materialized_objects/shape_cube_1757927798.glb: argument of type 'Attributes' is not iterable
🧠 Student Answer: audio, medium
❌ -1 point. Incorrect or cross‑modally inconsistent.

Q16: What kernel maps ray thickness to embedding resolution?
⚠️  Failed to generate shape embedding for viewer/public/house/materialized_objects/shape_cube_1757927798.glb: argument of type 'Attributes' is not iterable
🧠 Student Answer: audio, medium
❌ -1 point. Incorrect or cross‑modally inconsistent.

Q17: If ray color=red and thickness=0.05, what modality and resolution?
⚠️  Failed to generate shape embedding for viewer/public/house/materialized_objects/shape_cube_1757927798.glb: argument of type 'Attributes' is not iterable
🧠 Student Answer: audio, medium
❌ -1 point. Incorrect or cross‑modally inconsistent.

Q18: What kernel maps ray thickness to embedding resolution?
⚠️  Failed to generate shape embedding for viewer/public/house/materialized_objects/shape_cube_1757927798.glb: argument of type 'Attributes' is not iterable
🧠 Student Answer: audio, medium
❌ -1 point. Incorrect or cross‑modally inconsistent.

Q19: If ray color=red and thickness=0.05, what modality and resolution?
⚠️  Failed to generate shape embedding for viewer/public/house/materialized_objects/shape_cube_1757927798.glb: argument of type 'Attributes' is not iterable
🧠 Student Answer: audio, medium
❌ -1 point. Incorrect or cross‑modally inconsistent.

Q20: What kernel maps ray thickness to embedding resolution?
⚠️  Failed to generate shape embedding for viewer/public/house/materialized_objects/shape_cube_1757927798.glb: argument of type 'Attributes' is not iterable
🧠 Student Answer: audio, medium
❌ -1 point. Incorrect or cross‑modally inconsistent.

Q21: If ray color=red and thickness=0.05, what modality and resolution?
⚠️  Failed to generate shape embedding for viewer/public/house/materialized_objects/shape_cube_1757927798.glb: argument of type 'Attributes' is not iterable
🧠 Student Answer: audio, medium
✅ +1 point. Correct and cross‑modally consistent.

Q22: What kernel maps ray thickness to embedding resolution?
⚠️  Failed to generate shape embedding for viewer/public/house/materialized_objects/shape_cube_1757927798.glb: argument of type 'Attributes' is not iterable
🧠 Student Answer: audio, medium
❌ -1 point. Incorrect or cross‑modally inconsistent.

Q23: If ray color=red and thickness=0.05, what modality and resolution?
⚠️  Failed to generate shape embedding for viewer/public/house/materialized_objects/shape_cube_1757927798.glb: argument of type 'Attributes' is not iterable
🧠 Student Answer: audio, medium
❌ -1 point. Incorrect or cross‑modally inconsistent.

Q24: What kernel maps ray thickness to embedding resolution?
⚠️  Failed to generate shape embedding for viewer/public/house/materialized_objects/shape_cube_1757927798.glb: argument of type 'Attributes' is not iterable
🧠 Student Answer: audio, medium
❌ -1 point. Incorrect or cross‑modally inconsistent.

Q25: If ray color=red and thickness=0.05, what modality and resolution?
⚠️  Failed to generate shape embedding for viewer/public/house/materialized_objects/shape_cube_1757927798.glb: argument of type 'Attributes' is not iterable
🧠 Student Answer: audio, medium
❌ -1 point. Incorrect or cross‑modally inconsistent.

Q26: What kernel maps ray thickness to embedding resolution?
⚠️  Failed to generate shape embedding for viewer/public/house/materialized_objects/shape_cube_1757927798.glb: argument of type 'Attributes' is not iterable
🧠 Student Answer: audio, medium
❌ -1 point. Incorrect or cross‑modally inconsistent.

Q27: If ray color=red and thickness=0.05, what modality and resolution?
⚠️  Failed to generate shape embedding for viewer/public/house/materialized_objects/shape_cube_1757927798.glb: argument of type 'Attributes' is not iterable
🧠 Student Answer: audio, medium
❌ -1 point. Incorrect or cross‑modally inconsistent.

Q28: What kernel maps ray thickness to embedding resolution?
⚠️  Failed to generate shape embedding for viewer/public/house/materialized_objects/shape_cube_1757927798.glb: argument of type 'Attributes' is not iterable
🧠 Student Answer: audio, medium
❌ -1 point. Incorrect or cross‑modally inconsistent.

Q29: If ray color=red and thickness=0.05, what modality and resolution?
⚠️  Failed to generate shape embedding for viewer/public/house/materialized_objects/shape_cube_1757927798.glb: argument of type 'Attributes' is not iterable
🧠 Student Answer: audio, medium
✅ +1 point. Correct and cross‑modally consistent.

Q30: What kernel maps ray thickness to embedding resolution?
⚠️  Failed to generate shape embedding for viewer/public/house/materialized_objects/shape_cube_1757927798.glb: argument of type 'Attributes' is not iterable
🧠 Student Answer: audio, medium
❌ -1 point. Incorrect or cross‑modally inconsistent.

📊 Cluster ray_semantics Training Complete: 4/30 correct (13%)
🌟 Consolidated Fused Star to Galaxy: viewer/public/galaxy/working/star_ray_semantics_1757979600.json
🏛️  Relocated to Learning Museum: book_cluster_ray_semantics_1757973867.json (was in Zone 5 (Knowledge Garden))
🏛️  Relocated to Learning Museum: diary_cluster_ray_semantics_1757973867.json (was in Zone 5 (Knowledge Garden))
🏛️  Relocated to Learning Museum: shape_cluster_ray_semantics_1757973867.json (was in Zone 5 (Knowledge Garden))
✅ 3 artifacts relocated to Learning Museum for cluster 'ray_semantics'.
📚 Consolidated Book: viewer/public/house/materialized_objects/book_cluster_ray_semantics_1757979600.json
🌀 Consolidated Shape: viewer/public/house/materialized_objects/shape_cluster_ray_semantics_1757979600.json
🧠 Consolidated Diary: viewer/public/house/materialized_objects/diary_cluster_ray_semantics_1757979600.json
🎓 MEANING CLUSTER 'ray_semantics' TRAINED AND CONSOLIDATED.

▶ Training cluster: zones_and_consolidation

🧠 TRAINING ON MEANING CLUSTER: zones_and_consolidation
   Description: House zones for artifacts and learning

Q1: Which zone holds consolidated knowledge trees?
⚠️  Failed to generate shape embedding for viewer/public/house/materialized_objects/shape_cube_1757927798.glb: argument of type 'Attributes' is not iterable
🧠 Student Answer: Zone 8 (Learning Museum)
⚠️  +0.5 point. Partially correct — cross‑modal inconsistency detected.

Q2: What door opens to history behind memory?
⚠️  Failed to generate shape embedding for viewer/public/house/materialized_objects/shape_cube_1757927798.glb: argument of type 'Attributes' is not iterable
🧠 Student Answer: render_ray_if_honest_kernel
⚠️  +0.5 point. Partially correct — cross‑modal inconsistency detected.

Q3: Where should fused stars be curated for curation and review?
⚠️  Failed to generate shape embedding for viewer/public/house/materialized_objects/shape_cube_1757927798.glb: argument of type 'Attributes' is not iterable
🧠 Student Answer: modality_ray
❌ -1 point. Incorrect or cross‑modally inconsistent.

Q4: Which zone holds consolidated knowledge trees?
⚠️  Failed to generate shape embedding for viewer/public/house/materialized_objects/shape_cube_1757927798.glb: argument of type 'Attributes' is not iterable
🧠 Student Answer: Zone 8 (Learning Museum)
❌ -1 point. Incorrect or cross‑modally inconsistent.

Q5: What door opens to history behind memory?
⚠️  Failed to generate shape embedding for viewer/public/house/materialized_objects/shape_cube_1757927798.glb: argument of type 'Attributes' is not iterable
🧠 Student Answer: map_ray_thickness_to_resolution_kernel
⚠️  +0.5 point. Partially correct — cross‑modal inconsistency detected.

Q6: Where should fused stars be curated for curation and review?
⚠️  Failed to generate shape embedding for viewer/public/house/materialized_objects/shape_cube_1757927798.glb: argument of type 'Attributes' is not iterable
🧠 Student Answer: octahedron
❌ -1 point. Incorrect or cross‑modally inconsistent.

Q7: Which zone holds consolidated knowledge trees?
⚠️  Failed to generate shape embedding for viewer/public/house/materialized_objects/shape_cube_1757927798.glb: argument of type 'Attributes' is not iterable
🧠 Student Answer: Zone 8 (Learning Museum)
❌ -1 point. Incorrect or cross‑modally inconsistent.

Q8: What door opens to history behind memory?
⚠️  Failed to generate shape embedding for viewer/public/house/materialized_objects/shape_cube_1757927798.glb: argument of type 'Attributes' is not iterable
🧠 Student Answer: entropy_ray
❌ -1 point. Incorrect or cross‑modally inconsistent.

Q9: Where should fused stars be curated for curation and review?
⚠️  Failed to generate shape embedding for viewer/public/house/materialized_objects/shape_cube_1757927798.glb: argument of type 'Attributes' is not iterable
🧠 Student Answer: tetrahedron
⚠️  +0.5 point. Partially correct — cross‑modal inconsistency detected.

Q10: Which zone holds consolidated knowledge trees?
⚠️  Failed to generate shape embedding for viewer/public/house/materialized_objects/shape_cube_1757927798.glb: argument of type 'Attributes' is not iterable
🧠 Student Answer: Zone 8 (Learning Museum)
❌ -1 point. Incorrect or cross‑modally inconsistent.

Q11: What door opens to history behind memory?
⚠️  Failed to generate shape embedding for viewer/public/house/materialized_objects/shape_cube_1757927798.glb: argument of type 'Attributes' is not iterable
🧠 Student Answer: icosahedron
❌ -1 point. Incorrect or cross‑modally inconsistent.

Q12: Where should fused stars be curated for curation and review?
⚠️  Failed to generate shape embedding for viewer/public/house/materialized_objects/shape_cube_1757927798.glb: argument of type 'Attributes' is not iterable
🧠 Student Answer: render_ray_if_honest_kernel
❌ -1 point. Incorrect or cross‑modally inconsistent.

Q13: Which zone holds consolidated knowledge trees?
⚠️  Failed to generate shape embedding for viewer/public/house/materialized_objects/shape_cube_1757927798.glb: argument of type 'Attributes' is not iterable
🧠 Student Answer: Zone 8 (Learning Museum)
⚠️  +0.5 point. Partially correct — cross‑modal inconsistency detected.

Q14: What door opens to history behind memory?
⚠️  Failed to generate shape embedding for viewer/public/house/materialized_objects/shape_cube_1757927798.glb: argument of type 'Attributes' is not iterable
🧠 Student Answer: icosahedron
❌ -1 point. Incorrect or cross‑modally inconsistent.

Q15: Where should fused stars be curated for curation and review?
⚠️  Failed to generate shape embedding for viewer/public/house/materialized_objects/shape_cube_1757927798.glb: argument of type 'Attributes' is not iterable
🧠 Student Answer: adjust_zone_position_kernel
⚠️  +0.5 point. Partially correct — cross‑modal inconsistency detected.

Q16: Which zone holds consolidated knowledge trees?
⚠️  Failed to generate shape embedding for viewer/public/house/materialized_objects/shape_cube_1757927798.glb: argument of type 'Attributes' is not iterable
🧠 Student Answer: Zone 8 (Learning Museum)
❌ -1 point. Incorrect or cross‑modally inconsistent.

Q17: What door opens to history behind memory?
⚠️  Failed to generate shape embedding for viewer/public/house/materialized_objects/shape_cube_1757927798.glb: argument of type 'Attributes' is not iterable
🧠 Student Answer: tetrahedron
❌ -1 point. Incorrect or cross‑modally inconsistent.

Q18: Where should fused stars be curated for curation and review?
⚠️  Failed to generate shape embedding for viewer/public/house/materialized_objects/shape_cube_1757927798.glb: argument of type 'Attributes' is not iterable
🧠 Student Answer: hypersphere_projection
❌ -1 point. Incorrect or cross‑modally inconsistent.

Q19: Which zone holds consolidated knowledge trees?
⚠️  Failed to generate shape embedding for viewer/public/house/materialized_objects/shape_cube_1757927798.glb: argument of type 'Attributes' is not iterable
🧠 Student Answer: Zone 8 (Learning Museum)
⚠️  +0.5 point. Partially correct — cross‑modal inconsistency detected.

Q20: What door opens to history behind memory?
⚠️  Failed to generate shape embedding for viewer/public/house/materialized_objects/shape_cube_1757927798.glb: argument of type 'Attributes' is not iterable
🧠 Student Answer: render_ray_if_honest_kernel
❌ -1 point. Incorrect or cross‑modally inconsistent.

Q21: Where should fused stars be curated for curation and review?
⚠️  Failed to generate shape embedding for viewer/public/house/materialized_objects/shape_cube_1757927798.glb: argument of type 'Attributes' is not iterable
🧠 Student Answer: map_ray_thickness_to_resolution_kernel
❌ -1 point. Incorrect or cross‑modally inconsistent.

Q22: Which zone holds consolidated knowledge trees?
⚠️  Failed to generate shape embedding for viewer/public/house/materialized_objects/shape_cube_1757927798.glb: argument of type 'Attributes' is not iterable
🧠 Student Answer: Zone 8 (Learning Museum)
❌ -1 point. Incorrect or cross‑modally inconsistent.

Q23: What door opens to history behind memory?
⚠️  Failed to generate shape embedding for viewer/public/house/materialized_objects/shape_cube_1757927798.glb: argument of type 'Attributes' is not iterable
🧠 Student Answer: modality_ray
❌ -1 point. Incorrect or cross‑modally inconsistent.

Q24: Where should fused stars be curated for curation and review?
⚠️  Failed to generate shape embedding for viewer/public/house/materialized_objects/shape_cube_1757927798.glb: argument of type 'Attributes' is not iterable
🧠 Student Answer: entropy_ray
❌ -1 point. Incorrect or cross‑modally inconsistent.

Q25: Which zone holds consolidated knowledge trees?
⚠️  Failed to generate shape embedding for viewer/public/house/materialized_objects/shape_cube_1757927798.glb: argument of type 'Attributes' is not iterable
🧠 Student Answer: Zone 8 (Learning Museum)
❌ -1 point. Incorrect or cross‑modally inconsistent.

Q26: What door opens to history behind memory?
⚠️  Failed to generate shape embedding for viewer/public/house/materialized_objects/shape_cube_1757927798.glb: argument of type 'Attributes' is not iterable
🧠 Student Answer: fractal_tree
❌ -1 point. Incorrect or cross‑modally inconsistent.

Q27: Where should fused stars be curated for curation and review?
⚠️  Failed to generate shape embedding for viewer/public/house/materialized_objects/shape_cube_1757927798.glb: argument of type 'Attributes' is not iterable
🧠 Student Answer: hypersphere_projection
❌ -1 point. Incorrect or cross‑modally inconsistent.

Q28: Which zone holds consolidated knowledge trees?
⚠️  Failed to generate shape embedding for viewer/public/house/materialized_objects/shape_cube_1757927798.glb: argument of type 'Attributes' is not iterable
🧠 Student Answer: hypersphere_projection
❌ -1 point. Incorrect or cross‑modally inconsistent.

Q29: What door opens to history behind memory?
⚠️  Failed to generate shape embedding for viewer/public/house/materialized_objects/shape_cube_1757927798.glb: argument of type 'Attributes' is not iterable
🧠 Student Answer: adjust_zone_position_kernel
✅ +1 point. Correct and cross‑modally consistent.

Q30: Where should fused stars be curated for curation and review?
⚠️  Failed to generate shape embedding for viewer/public/house/materialized_objects/shape_cube_1757927798.glb: argument of type 'Attributes' is not iterable
🧠 Student Answer: dodecahedron
⚠️  +0.5 point. Partially correct — cross‑modal inconsistency detected.

📊 Cluster zones_and_consolidation Training Complete: 1/30 correct (3%)
🌟 Consolidated Fused Star to Galaxy: viewer/public/galaxy/working/star_zones_and_consolidation_1757980926.json
📚 Consolidated Book: viewer/public/house/materialized_objects/book_cluster_zones_and_consolidation_1757980926.json
🌀 Consolidated Shape: viewer/public/house/materialized_objects/shape_cluster_zones_and_consolidation_1757980926.json
🧠 Consolidated Diary: viewer/public/house/materialized_objects/diary_cluster_zones_and_consolidation_1757980926.json
🎓 MEANING CLUSTER 'zones_and_consolidation' TRAINED AND CONSOLIDATED.
📄 Phase 21 prep summary saved: logs/phase21_prep_report.json
[Phase21] Complete. See logs/phase21_prep_report.json
