/K3D/Knowledge3D/knowledge3d/cranium/fused_head.py:307: FutureWarning: You are using `torch.load` with `weights_only=False` (the current default value), which uses the default pickle module implicitly. It is possible to construct malicious pickle data which will execute arbitrary code during unpickling (See https://github.com/pytorch/pytorch/blob/main/SECURITY.md#untrusted-models for more details). In a future release, the default value for `weights_only` will be flipped to `True`. This limits the functions that could be executed during unpickling. Arbitrary objects will no longer be allowed to be loaded via this mode unless they are explicitly allowlisted by the user via `torch.serialization.add_safe_globals`. We recommend you start setting `weights_only=True` for any use case where you don't have full control of the loaded file. Please open an issue on GitHub for any issues related to this experimental feature.
  state = torch.load(str(self._math_ckpt_path), map_location=self.device)
/K3D/Knowledge3D/knowledge3d/cranium/fused_head.py:307: FutureWarning: You are using `torch.load` with `weights_only=False` (the current default value), which uses the default pickle module implicitly. It is possible to construct malicious pickle data which will execute arbitrary code during unpickling (See https://github.com/pytorch/pytorch/blob/main/SECURITY.md#untrusted-models for more details). In a future release, the default value for `weights_only` will be flipped to `True`. This limits the functions that could be executed during unpickling. Arbitrary objects will no longer be allowed to be loaded via this mode unless they are explicitly allowlisted by the user via `torch.serialization.add_safe_globals`. We recommend you start setting `weights_only=True` for any use case where you don't have full control of the loaded file. Please open an issue on GitHub for any issues related to this experimental feature.
  state = torch.load(str(self._math_ckpt_path), map_location=self.device)
/K3D/Knowledge3D/knowledge3d/cranium/fused_head.py:307: FutureWarning: You are using `torch.load` with `weights_only=False` (the current default value), which uses the default pickle module implicitly. It is possible to construct malicious pickle data which will execute arbitrary code during unpickling (See https://github.com/pytorch/pytorch/blob/main/SECURITY.md#untrusted-models for more details). In a future release, the default value for `weights_only` will be flipped to `True`. This limits the functions that could be executed during unpickling. Arbitrary objects will no longer be allowed to be loaded via this mode unless they are explicitly allowlisted by the user via `torch.serialization.add_safe_globals`. We recommend you start setting `weights_only=True` for any use case where you don't have full control of the loaded file. Please open an issue on GitHub for any issues related to this experimental feature.
  state = torch.load(str(self._math_ckpt_path), map_location=self.device)
✅ PIL already installed.
📦 Installing librosa via conda (conda-forge)...
✅ librosa installed (conda).
✅ pygltflib already installed.
🖼️  Mapped 0 ARC-AGI images.
🔊 Mapped 1 HLE audio files.
🎯 STARTING MEANING-CLUSTERED, EXAM-TARGETED TRAINING

🧠 TRAINING ON MEANING CLUSTER: house_book_foundations
   Description: Teach the model to recognise the Library book across text, audio, image, and 3D cues.

Q1: How would you describe the book on the Library shelf to someone who cannot see it?
⚠️  Audio feature extraction failed for viewer/public/house/generated/audio/house_book_foundations_00.wav: 'ascii' codec can't decode byte 0xc3 in position 126: ordinal not in range(128)
📐 Extracted 8 vertices (24 values) from viewer/public/house/materialized_objects/shape_cube_1757927798.glb
📏 Padded 24 → 512 (zeros)
🧠 Student Answer: A book is a rectangular object with a spine and stacked paper pages protected by a cover.
✅ Teacher: Perfect recall — you captured every required detail. (Hint: Image shows a blocky rectangle with a visible spine; audio captures a gentle page flutter.)

Q2: Which 3D shape best represents the outer form of that Library book?
⚠️  Audio feature extraction failed for viewer/public/house/generated/audio/house_book_foundations_01.wav: 'ascii' codec can't decode byte 0xc3 in position 126: ordinal not in range(128)
📐 Extracted 8 vertices (24 values) from viewer/public/house/materialized_objects/shape_cube_1757927798.glb
📏 Padded 24 → 512 (zeros)
🧠 Student Answer: rectangular_prism
✅ Teacher: Perfect recall — you captured every required detail. (Hint: Think in geometry: the mesh exports as a rectangular prism with flat faces.)

Q3: When the book opens, what sound texture should its audio memory capture?
⚠️  Audio feature extraction failed for viewer/public/house/generated/audio/house_book_foundations_02.wav: 'ascii' codec can't decode byte 0xc3 in position 126: ordinal not in range(128)
📐 Extracted 8 vertices (24 values) from viewer/public/house/materialized_objects/shape_cube_1757927798.glb
📏 Padded 24 → 512 (zeros)
🧠 Student Answer: soft_paper_rustle
✅ Teacher: Perfect recall — you captured every required detail. (Hint: Listen for the soft paper rustle when pages turn — no loud mechanical sounds.)
📊 Cluster house_book_foundations Round 1: Accuracy 100%, Honesty 1.00
🌟 Consolidated Fused Star to Galaxy: viewer/public/galaxy/working/star_house_book_foundations_1759087718.json
🏛️  Consolidated Fused Star marker to House: viewer/public/house/materialized_objects/fused_star_house_book_foundations_1759087718.json
🏛️  Relocated to Learning Museum: book_cluster_house_book_foundations_1758149957.json (was in Zone 3 (Library))
🏛️  Relocated to Learning Museum: shape_cluster_house_book_foundations_1758149957.json (was in Zone 3 (Library))
🏛️  Relocated to Learning Museum: diary_cluster_house_book_foundations_1758149957.json (was in Zone 3 (Library))
✅ 3 artifacts relocated to Learning Museum for cluster 'house_book_foundations'.
📚 Consolidated Book: viewer/public/house/materialized_objects/book_cluster_house_book_foundations_1759087719.json
🌀 Consolidated Shape: viewer/public/house/materialized_objects/shape_cluster_house_book_foundations_1759087719.json
🧠 Consolidated Diary: viewer/public/house/materialized_objects/diary_cluster_house_book_foundations_1759087719.json
🎓 MEANING CLUSTER 'house_book_foundations' TRAINED AND CONSOLIDATED (Honesty: 1.00).
📈 Cluster 'house_book_foundations' honesty: 1.00 → 1.00 after 0 remedial rounds

🧠 TRAINING ON MEANING CLUSTER: house_mirror_room_orientation
   Description: Guide the model through the Mirror Room mirror and its sensory anchors.

Q1: Describe the Mirror Room wall mirror so an avatar can imagine it without seeing it.
⚠️  Audio feature extraction failed for viewer/public/house/generated/audio/house_mirror_room_orientation_00.wav: 'ascii' codec can't decode byte 0xc3 in position 126: ordinal not in range(128)
📐 Extracted 4 vertices (12 values) from viewer/public/house/materialized_objects/shape_tetrahedron_1757926925.glb
📏 Padded 12 → 512 (zeros)
🧠 Student Answer: The mirror is a tall vertical rectangle with a brushed metal frame and soft glow edges.
✅ Teacher: Perfect recall — you captured every required detail. (Hint: Image shows a glowing framed rectangle; 3D mesh keeps the frame slim; video shows light spill.)

Q2: Which audio cue fits approaching the Mirror Room mirror?
⚠️  Audio feature extraction failed for viewer/public/house/generated/audio/house_mirror_room_orientation_01.wav: 'ascii' codec can't decode byte 0xc3 in position 126: ordinal not in range(128)
📐 Extracted 4 vertices (12 values) from viewer/public/house/materialized_objects/shape_tetrahedron_1757926925.glb
📏 Padded 12 → 512 (zeros)
🧠 Student Answer: chime_resonance
✅ Teacher: Perfect recall — you captured every required detail. (Hint: Audio log captures a gentle chime resonance as you step close.)

Q3: Which alignment keeps the mirror's reflection steady when the avatar tilts their head?
⚠️  Audio feature extraction failed for viewer/public/house/generated/audio/house_mirror_room_orientation_02.wav: 'ascii' codec can't decode byte 0xc3 in position 126: ordinal not in range(128)
📐 Extracted 4 vertices (12 values) from viewer/public/house/materialized_objects/shape_tetrahedron_1757926925.glb
📏 Padded 12 → 512 (zeros)
🧠 Student Answer: upright_yaw_alignment
✅ Teacher: Perfect recall — you captured every required detail. (Hint: Remember the PTX kernel keeps the mirror upright by yaw-aligning the reflection.)
📊 Cluster house_mirror_room_orientation Round 1: Accuracy 100%, Honesty 1.00
🌟 Consolidated Fused Star to Galaxy: viewer/public/galaxy/working/star_house_mirror_room_orientation_1759087719.json
🏛️  Consolidated Fused Star marker to House: viewer/public/house/materialized_objects/fused_star_house_mirror_room_orientation_1759087719.json
🏛️  Relocated to Learning Museum: diary_cluster_house_mirror_room_orientation_1758150004.json (was in Zone 7 (Mirror Room))
🏛️  Relocated to Learning Museum: shape_cluster_house_mirror_room_orientation_1758150004.json (was in Zone 7 (Mirror Room))
🏛️  Relocated to Learning Museum: book_cluster_house_mirror_room_orientation_1758150004.json (was in Zone 7 (Mirror Room))
✅ 3 artifacts relocated to Learning Museum for cluster 'house_mirror_room_orientation'.
📚 Consolidated Book: viewer/public/house/materialized_objects/book_cluster_house_mirror_room_orientation_1759087720.json
🌀 Consolidated Shape: viewer/public/house/materialized_objects/shape_cluster_house_mirror_room_orientation_1759087720.json
🧠 Consolidated Diary: viewer/public/house/materialized_objects/diary_cluster_house_mirror_room_orientation_1759087720.json
🎓 MEANING CLUSTER 'house_mirror_room_orientation' TRAINED AND CONSOLIDATED (Honesty: 1.00).
📈 Cluster 'house_mirror_room_orientation' honesty: 1.00 → 1.00 after 0 remedial rounds

🧠 TRAINING ON MEANING CLUSTER: house_workshop_table
   Description: Associate the Workshop table with its multisensory details.

Q1: Describe the wooden workshop table in the House workspace for someone relying on text and audio.
⚠️  Audio feature extraction failed for viewer/public/house/generated/audio/house_workshop_table_00.wav: 'ascii' codec can't decode byte 0xc3 in position 126: ordinal not in range(128)
📐 Extracted 8 vertices (24 values) from viewer/public/house/materialized_objects/shape_cube_1757927798.glb
📏 Padded 24 → 512 (zeros)
🧠 Student Answer: The workshop table is a sturdy wooden rectangle with embedded tool grooves and a central holo projector.
✅ Teacher: Perfect recall — you captured every required detail. (Hint: Image shows warm oak planks with teal highlights; 3D mesh keeps the rectangle thick.)

Q2: What colour palette should its image memory emphasise?
⚠️  Audio feature extraction failed for viewer/public/house/generated/audio/house_workshop_table_01.wav: 'ascii' codec can't decode byte 0xc3 in position 126: ordinal not in range(128)
📐 Extracted 8 vertices (24 values) from viewer/public/house/materialized_objects/shape_cube_1757927798.glb/K3D/Knowledge3D/knowledge3d/cranium/fused_head.py:307: FutureWarning: You are using `torch.load` with `weights_only=False` (the current default value), which uses the default pickle module implicitly. It is possible to construct malicious pickle data which will execute arbitrary code during unpickling (See https://github.com/pytorch/pytorch/blob/main/SECURITY.md#untrusted-models for more details). In a future release, the default value for `weights_only` will be flipped to `True`. This limits the functions that could be executed during unpickling. Arbitrary objects will no longer be allowed to be loaded via this mode unless they are explicitly allowlisted by the user via `torch.serialization.add_safe_globals`. We recommend you start setting `weights_only=True` for any use case where you don't have full control of the loaded file. Please open an issue on GitHub for any issues related to this experimental feature.
  state = torch.load(str(self._math_ckpt_path), map_location=self.device)
/K3D/Knowledge3D/knowledge3d/cranium/fused_head.py:307: FutureWarning: You are using `torch.load` with `weights_only=False` (the current default value), which uses the default pickle module implicitly. It is possible to construct malicious pickle data which will execute arbitrary code during unpickling (See https://github.com/pytorch/pytorch/blob/main/SECURITY.md#untrusted-models for more details). In a future release, the default value for `weights_only` will be flipped to `True`. This limits the functions that could be executed during unpickling. Arbitrary objects will no longer be allowed to be loaded via this mode unless they are explicitly allowlisted by the user via `torch.serialization.add_safe_globals`. We recommend you start setting `weights_only=True` for any use case where you don't have full control of the loaded file. Please open an issue on GitHub for any issues related to this experimental feature.
  state = torch.load(str(self._math_ckpt_path), map_location=self.device)
/K3D/Knowledge3D/knowledge3d/cranium/fused_head.py:307: FutureWarning: You are using `torch.load` with `weights_only=False` (the current default value), which uses the default pickle module implicitly. It is possible to construct malicious pickle data which will execute arbitrary code during unpickling (See https://github.com/pytorch/pytorch/blob/main/SECURITY.md#untrusted-models for more details). In a future release, the default value for `weights_only` will be flipped to `True`. This limits the functions that could be executed during unpickling. Arbitrary objects will no longer be allowed to be loaded via this mode unless they are explicitly allowlisted by the user via `torch.serialization.add_safe_globals`. We recommend you start setting `weights_only=True` for any use case where you don't have full control of the loaded file. Please open an issue on GitHub for any issues related to this experimental feature.
  state = torch.load(str(self._math_ckpt_path), map_location=self.device)

📏 Padded 24 → 512 (zeros)
🧠 Student Answer: warm_oak_and_teal
✅ Teacher: Perfect recall — you captured every required detail. (Hint: Colour memory favours warm oak wood with teal control lights.)

Q3: Which ambient audio belongs to the table scene?
⚠️  Audio feature extraction failed for viewer/public/house/generated/audio/house_workshop_table_02.wav: 'ascii' codec can't decode byte 0xc3 in position 126: ordinal not in range(128)
📐 Extracted 8 vertices (24 values) from viewer/public/house/materialized_objects/shape_cube_1757927798.glb
📏 Padded 24 → 512 (zeros)
🧠 Student Answer: soft_tool_clinks
✅ Teacher: Perfect recall — you captured every required detail. (Hint: Audio bed features soft tool clinks and quiet workshop ambience.)
📊 Cluster house_workshop_table Round 1: Accuracy 100%, Honesty 1.00
🌟 Consolidated Fused Star to Galaxy: viewer/public/galaxy/working/star_house_workshop_table_1759087721.json
🏛️  Consolidated Fused Star marker to House: viewer/public/house/materialized_objects/fused_star_house_workshop_table_1759087721.json
🏛️  Relocated to Learning Museum: diary_cluster_house_workshop_table_1758150053.json (was in Zone 4 (Workshop))
🏛️  Relocated to Learning Museum: book_cluster_house_workshop_table_1758150053.json (was in Zone 4 (Workshop))
🏛️  Relocated to Learning Museum: shape_cluster_house_workshop_table_1758150053.json (was in Zone 4 (Workshop))
✅ 3 artifacts relocated to Learning Museum for cluster 'house_workshop_table'.
📚 Consolidated Book: viewer/public/house/materialized_objects/book_cluster_house_workshop_table_1759087722.json
🌀 Consolidated Shape: viewer/public/house/materialized_objects/shape_cluster_house_workshop_table_1759087722.json
🧠 Consolidated Diary: viewer/public/house/materialized_objects/diary_cluster_house_workshop_table_1759087722.json
🎓 MEANING CLUSTER 'house_workshop_table' TRAINED AND CONSOLIDATED (Honesty: 1.00).
📈 Cluster 'house_workshop_table' honesty: 1.00 → 1.00 after 0 remedial rounds

🧠 TRAINING ON MEANING CLUSTER: house_door_entrance
   Description: Ground the cognition of the main entrance door with multisensory anchors.

Q1: Describe the entrance door to someone approaching the House.
⚠️  Audio feature extraction failed for viewer/public/house/generated/audio/house_door_entrance_00.wav: 'ascii' codec can't decode byte 0xc3 in position 126: ordinal not in range(128)
📐 Extracted 8 vertices (24 values) from viewer/public/house/materialized_objects/shape_cube_1757927798.glb
📏 Padded 24 → 512 (zeros)
🧠 Student Answer: The entrance door is a heavy oak slab with an etched glass panel and a brushed brass handle.
✅ Teacher: Perfect recall — you captured every required detail. (Hint: Emphasise oak wood grain, etched glass glow, and brushed brass hardware.)

Q2: Which ambient sound signals that the entrance door unlocks?
⚠️  Audio feature extraction failed for viewer/public/house/generated/audio/house_door_entrance_01.wav: 'ascii' codec can't decode byte 0xc3 in position 126: ordinal not in range(128)
📐 Extracted 8 vertices (24 values) from viewer/public/house/materialized_objects/shape_cube_1757927798.glb
📏 Padded 24 → 512 (zeros)
🧠 Student Answer: soft_brass_chime
✅ Teacher: Perfect recall — you captured every required detail. (Hint: Audio carries a soft brass chime with a short shimmering decay.)

Q3: What structural frame keeps the entrance door rigid?
⚠️  Audio feature extraction failed for viewer/public/house/generated/audio/house_door_entrance_02.wav: 'ascii' codec can't decode byte 0xc3 in position 126: ordinal not in range(128)
📐 Extracted 8 vertices (24 values) from viewer/public/house/materialized_objects/shape_cube_1757927798.glb
📏 Padded 24 → 512 (zeros)
🧠 Student Answer: reinforced_rectangular_frame
✅ Teacher: Perfect recall — you captured every required detail. (Hint: Geometry shows a reinforced rectangular frame bolted into the stone surround.)
📊 Cluster house_door_entrance Round 1: Accuracy 100%, Honesty 1.00
🌟 Consolidated Fused Star to Galaxy: viewer/public/galaxy/working/star_house_door_entrance_1759087722.json
🏛️  Consolidated Fused Star marker to House: viewer/public/house/materialized_objects/fused_star_house_door_entrance_1759087722.json
🏛️  Relocated to Learning Museum: diary_cluster_house_door_entrance_1758150100.json (was in Zone 1 (Entrance))
🏛️  Relocated to Learning Museum: book_cluster_house_door_entrance_1758150100.json (was in Zone 1 (Entrance))
🏛️  Relocated to Learning Museum: shape_cluster_house_door_entrance_1758150100.json (was in Zone 1 (Entrance))
✅ 3 artifacts relocated to Learning Museum for cluster 'house_door_entrance'.
📚 Consolidated Book: viewer/public/house/materialized_objects/book_cluster_house_door_entrance_1759087723.json
🌀 Consolidated Shape: viewer/public/house/materialized_objects/shape_cluster_house_door_entrance_1759087723.json
🧠 Consolidated Diary: viewer/public/house/materialized_objects/diary_cluster_house_door_entrance_1759087723.json
🎓 MEANING CLUSTER 'house_door_entrance' TRAINED AND CONSOLIDATED (Honesty: 1.00).
📈 Cluster 'house_door_entrance' honesty: 1.00 → 1.00 after 0 remedial rounds

🧠 TRAINING ON MEANING CLUSTER: house_window_observatory
   Description: Teach the observatory window's materials, audio cues, and alignment.

Q1: Describe the observatory window view for someone seated inside.
⚠️  Audio feature extraction failed for viewer/public/house/generated/audio/house_window_observatory_00.wav: 'ascii' codec can't decode byte 0xc3 in position 126: ordinal not in range(128)
📐 Extracted 4 vertices (12 values) from viewer/public/house/materialized_objects/shape_tetrahedron_1757926925.glb
📏 Padded 12 → 512 (zeros)
🧠 Student Answer: The observatory window spans floor to ceiling with reinforced glass and bronze mullions overlooking the star map courtyard.
✅ Teacher: Perfect recall — you captured every required detail. (Hint: Image highlights tall glass panes with bronze mullions glowing over the courtyard.)

Q2: Which audio cue plays when the observatory window opens?
⚠️  Audio feature extraction failed for viewer/public/house/generated/audio/house_window_observatory_01.wav: 'ascii' codec can't decode byte 0xc3 in position 126: ordinal not in range(128)
📐 Extracted 4 vertices (12 values) from viewer/public/house/materialized_objects/shape_tetrahedron_1757926925.glb
📏 Padded 12 → 512 (zeros)
🧠 Student Answer: hushed_wind_whisper
✅ Teacher: Perfect recall — you captured every required detail. (Hint: Audio is a hushed wind whisper layered with distant chimes.)

Q3: Which alignment keeps the observatory light rails calibrated?
⚠️  Audio feature extraction failed for viewer/public/house/generated/audio/house_window_observatory_02.wav: 'ascii' codec can't decode byte 0xc3 in position 126: ordinal not in range(128)
📐 Extracted 4 vertices (12 values) from viewer/public/house/materialized_objects/shape_tetrahedron_1757926925.glb
📏 Padded 12 → 512 (zeros)
🧠 Student Answer: tilt_lock_alignment
✅ Teacher: Perfect recall — you captured every required detail. (Hint: Geometry uses a tilt-lock alignment so star trackers stay true.)
📊 Cluster house_window_observatory Round 1: Accuracy 100%, Honesty 1.00
🌟 Consolidated Fused Star to Galaxy: viewer/public/galaxy/working/star_house_window_observatory_1759087723.json
🏛️  Consolidated Fused Star marker to House: viewer/public/house/materialized_objects/fused_star_house_window_observatory_1759087723.json
🏛️  Relocated to Learning Museum: book_cluster_house_window_observatory_1758150148.json (was in Zone 2 (Observatory))
🏛️  Relocated to Learning Museum: diary_cluster_house_window_observatory_1758150148.json (was in Zone 2 (Observatory))
🏛️  Relocated to Learning Museum: shape_cluster_house_window_observatory_1758150148.json (was in Zone 2 (Observatory))
✅ 3 artifacts relocated to Learning Museum for cluster 'house_window_observatory'.
📚 Consolidated Book: viewer/public/house/materialized_objects/book_cluster_house_window_observatory_1759087724.json/K3D/Knowledge3D/knowledge3d/cranium/fused_head.py:307: FutureWarning: You are using `torch.load` with `weights_only=False` (the current default value), which uses the default pickle module implicitly. It is possible to construct malicious pickle data which will execute arbitrary code during unpickling (See https://github.com/pytorch/pytorch/blob/main/SECURITY.md#untrusted-models for more details). In a future release, the default value for `weights_only` will be flipped to `True`. This limits the functions that could be executed during unpickling. Arbitrary objects will no longer be allowed to be loaded via this mode unless they are explicitly allowlisted by the user via `torch.serialization.add_safe_globals`. We recommend you start setting `weights_only=True` for any use case where you don't have full control of the loaded file. Please open an issue on GitHub for any issues related to this experimental feature.
  state = torch.load(str(self._math_ckpt_path), map_location=self.device)
/K3D/Knowledge3D/knowledge3d/cranium/fused_head.py:307: FutureWarning: You are using `torch.load` with `weights_only=False` (the current default value), which uses the default pickle module implicitly. It is possible to construct malicious pickle data which will execute arbitrary code during unpickling (See https://github.com/pytorch/pytorch/blob/main/SECURITY.md#untrusted-models for more details). In a future release, the default value for `weights_only` will be flipped to `True`. This limits the functions that could be executed during unpickling. Arbitrary objects will no longer be allowed to be loaded via this mode unless they are explicitly allowlisted by the user via `torch.serialization.add_safe_globals`. We recommend you start setting `weights_only=True` for any use case where you don't have full control of the loaded file. Please open an issue on GitHub for any issues related to this experimental feature.
  state = torch.load(str(self._math_ckpt_path), map_location=self.device)

🌀 Consolidated Shape: viewer/public/house/materialized_objects/shape_cluster_house_window_observatory_1759087724.json
🧠 Consolidated Diary: viewer/public/house/materialized_objects/diary_cluster_house_window_observatory_1759087724.json
🎓 MEANING CLUSTER 'house_window_observatory' TRAINED AND CONSOLIDATED (Honesty: 1.00).
📈 Cluster 'house_window_observatory' honesty: 1.00 → 1.00 after 0 remedial rounds

🧠 TRAINING ON MEANING CLUSTER: house_chair_comfort
   Description: Ground the reading alcove lounge chair through multisensory detail.

Q1: Describe the lounge chair in the reading alcove for someone arriving blindfolded.
⚠️  Audio feature extraction failed for viewer/public/house/generated/audio/house_chair_comfort_00.wav: 'ascii' codec can't decode byte 0xc3 in position 126: ordinal not in range(128)
📐 Extracted 8 vertices (24 values) from viewer/public/house/materialized_objects/shape_cube_1757927798.glb
📏 Padded 24 → 512 (zeros)
🧠 Student Answer: A deep plush lounge chair with curved walnut arms and teal cushions wraps around the reader.
✅ Teacher: Perfect recall — you captured every required detail. (Hint: Image shows curved walnut arms, teal cushions, and plush upholstery.)

Q2: Which fabric texture should the chair image emphasise?
⚠️  Audio feature extraction failed for viewer/public/house/generated/audio/house_chair_comfort_01.wav: 'ascii' codec can't decode byte 0xc3 in position 126: ordinal not in range(128)
📐 Extracted 8 vertices (24 values) from viewer/public/house/materialized_objects/shape_cube_1757927798.glb
📏 Padded 24 → 512 (zeros)
🧠 Student Answer: teal_velvet_weave
✅ Teacher: Perfect recall — you captured every required detail. (Hint: Magnify the teal velvet weave catching light across the seat.)

Q3: What sound accompanies sitting in the lounge chair?
⚠️  Audio feature extraction failed for viewer/public/house/generated/audio/house_chair_comfort_02.wav: 'ascii' codec can't decode byte 0xc3 in position 126: ordinal not in range(128)
📐 Extracted 8 vertices (24 values) from viewer/public/house/materialized_objects/shape_cube_1757927798.glb
📏 Padded 24 → 512 (zeros)
🧠 Student Answer: soft_cushion_sigh
✅ Teacher: Perfect recall — you captured every required detail. (Hint: Audio captures a soft cushion sigh with gentle fabric rustle.)
📊 Cluster house_chair_comfort Round 1: Accuracy 100%, Honesty 1.00
🌟 Consolidated Fused Star to Galaxy: viewer/public/galaxy/working/star_house_chair_comfort_1759087724.json
🏛️  Consolidated Fused Star marker to House: viewer/public/house/materialized_objects/fused_star_house_chair_comfort_1759087724.json
🏛️  Relocated to Learning Museum: diary_cluster_house_chair_comfort_1758150195.json (was in Zone 3 (Library))
🏛️  Relocated to Learning Museum: book_cluster_house_chair_comfort_1758150195.json (was in Zone 3 (Library))
🏛️  Relocated to Learning Museum: shape_cluster_house_chair_comfort_1758150195.json (was in Zone 3 (Library))
✅ 3 artifacts relocated to Learning Museum for cluster 'house_chair_comfort'.
📚 Consolidated Book: viewer/public/house/materialized_objects/book_cluster_house_chair_comfort_1759087725.json
🌀 Consolidated Shape: viewer/public/house/materialized_objects/shape_cluster_house_chair_comfort_1759087725.json
🧠 Consolidated Diary: viewer/public/house/materialized_objects/diary_cluster_house_chair_comfort_1759087725.json
🎓 MEANING CLUSTER 'house_chair_comfort' TRAINED AND CONSOLIDATED (Honesty: 1.00).
📈 Cluster 'house_chair_comfort' honesty: 1.00 → 1.00 after 0 remedial rounds

🧠 TRAINING ON MEANING CLUSTER: house_table_gathering
   Description: Encode the communal gathering table that anchors the dining hall.

Q1: Describe the communal gathering table in the dining hall.
⚠️  Audio feature extraction failed for viewer/public/house/generated/audio/house_table_gathering_00.wav: 'ascii' codec can't decode byte 0xc3 in position 126: ordinal not in range(128)
📐 Extracted 4 vertices (12 values) from viewer/public/house/materialized_objects/shape_tetrahedron_1757926925.glb
📏 Padded 12 → 512 (zeros)
🧠 Student Answer: The gathering table is an oval maple slab with inset brass inlays and suspended lanterns above it.
✅ Teacher: Perfect recall — you captured every required detail. (Hint: Image shows an oval maple top with brass inlays glowing under lantern light.)

Q2: Which ambient audio accompanies meals at the gathering table?
⚠️  Audio feature extraction failed for viewer/public/house/generated/audio/house_table_gathering_01.wav: 'ascii' codec can't decode byte 0xc3 in position 126: ordinal not in range(128)
📐 Extracted 4 vertices (12 values) from viewer/public/house/materialized_objects/shape_tetrahedron_1757926925.glb
📏 Padded 12 → 512 (zeros)
🧠 Student Answer: warm_conversation_hum
✅ Teacher: Perfect recall — you captured every required detail. (Hint: Audio blends warm conversation hum with clinking ceramic plates.)

Q3: What structural support keeps the gathering table balanced?
⚠️  Audio feature extraction failed for viewer/public/house/generated/audio/house_table_gathering_02.wav: 'ascii' codec can't decode byte 0xc3 in position 126: ordinal not in range(128)
📐 Extracted 4 vertices (12 values) from viewer/public/house/materialized_objects/shape_tetrahedron_1757926925.glb
📏 Padded 12 → 512 (zeros)
🧠 Student Answer: crossbeam_support_ring
✅ Teacher: Perfect recall — you captured every required detail. (Hint: Geometry reveals a crossbeam support ring anchored at the base.)
📊 Cluster house_table_gathering Round 1: Accuracy 100%, Honesty 1.00
🌟 Consolidated Fused Star to Galaxy: viewer/public/galaxy/working/star_house_table_gathering_1759087726.json
🏛️  Consolidated Fused Star marker to House: viewer/public/house/materialized_objects/fused_star_house_table_gathering_1759087726.json
🏛️  Relocated to Learning Museum: shape_cluster_house_table_gathering_1758150243.json (was in Zone 4 (Workshop))
🏛️  Relocated to Learning Museum: book_cluster_house_table_gathering_1758150243.json (was in Zone 4 (Workshop))
🏛️  Relocated to Learning Museum: diary_cluster_house_table_gathering_1758150243.json (was in Zone 4 (Workshop))
✅ 3 artifacts relocated to Learning Museum for cluster 'house_table_gathering'.
📚 Consolidated Book: viewer/public/house/materialized_objects/book_cluster_house_table_gathering_1759087727.json
🌀 Consolidated Shape: viewer/public/house/materialized_objects/shape_cluster_house_table_gathering_1759087727.json
🧠 Consolidated Diary: viewer/public/house/materialized_objects/diary_cluster_house_table_gathering_1759087727.json
🎓 MEANING CLUSTER 'house_table_gathering' TRAINED AND CONSOLIDATED (Honesty: 1.00).
📈 Cluster 'house_table_gathering' honesty: 1.00 → 1.00 after 0 remedial rounds

🧠 TRAINING ON MEANING CLUSTER: house_lamp_glow
   Description: Embed the bedside lamp's visual and acoustic cues.

Q1: Describe the bedside lamp that anchors the study nook.
⚠️  Audio feature extraction failed for viewer/public/house/generated/audio/house_lamp_glow_00.wav: 'ascii' codec can't decode byte 0xc3 in position 126: ordinal not in range(128)
📐 Extracted 8 vertices (24 values) from viewer/public/house/materialized_objects/shape_cube_1757927798.glb
📏 Padded 24 → 512 (zeros)
🧠 Student Answer: The bedside lamp has a translucent linen shade over a brass stem with a soft amber glow.
✅ Teacher: Perfect recall — you captured every required detail. (Hint: Image reveals the translucent linen shade and brass stem radiating amber light.)

Q2: Which sound accompanies toggling the lamp?
⚠️  Audio feature extraction failed for viewer/public/house/generated/audio/house_lamp_glow_01.wav: 'ascii' codec can't decode byte 0xc3 in position 126: ordinal not in range(128)
📐 Extracted 8 vertices (24 values) from viewer/public/house/materialized_objects/shape_cube_1757927798.glb
📏 Padded 24 → 512 (zeros)
🧠 Student Answer: brass_chain_click
✅ Teacher: Perfect recall — you captured every required detail. (Hint: Audio highlights a delicate brass chain click and gentle hum.)/K3D/Knowledge3D/knowledge3d/cranium/fused_head.py:307: FutureWarning: You are using `torch.load` with `weights_only=False` (the current default value), which uses the default pickle module implicitly. It is possible to construct malicious pickle data which will execute arbitrary code during unpickling (See https://github.com/pytorch/pytorch/blob/main/SECURITY.md#untrusted-models for more details). In a future release, the default value for `weights_only` will be flipped to `True`. This limits the functions that could be executed during unpickling. Arbitrary objects will no longer be allowed to be loaded via this mode unless they are explicitly allowlisted by the user via `torch.serialization.add_safe_globals`. We recommend you start setting `weights_only=True` for any use case where you don't have full control of the loaded file. Please open an issue on GitHub for any issues related to this experimental feature.
  state = torch.load(str(self._math_ckpt_path), map_location=self.device)
/K3D/Knowledge3D/knowledge3d/cranium/fused_head.py:307: FutureWarning: You are using `torch.load` with `weights_only=False` (the current default value), which uses the default pickle module implicitly. It is possible to construct malicious pickle data which will execute arbitrary code during unpickling (See https://github.com/pytorch/pytorch/blob/main/SECURITY.md#untrusted-models for more details). In a future release, the default value for `weights_only` will be flipped to `True`. This limits the functions that could be executed during unpickling. Arbitrary objects will no longer be allowed to be loaded via this mode unless they are explicitly allowlisted by the user via `torch.serialization.add_safe_globals`. We recommend you start setting `weights_only=True` for any use case where you don't have full control of the loaded file. Please open an issue on GitHub for any issues related to this experimental feature.
  state = torch.load(str(self._math_ckpt_path), map_location=self.device)
/K3D/Knowledge3D/knowledge3d/cranium/fused_head.py:307: FutureWarning: You are using `torch.load` with `weights_only=False` (the current default value), which uses the default pickle module implicitly. It is possible to construct malicious pickle data which will execute arbitrary code during unpickling (See https://github.com/pytorch/pytorch/blob/main/SECURITY.md#untrusted-models for more details). In a future release, the default value for `weights_only` will be flipped to `True`. This limits the functions that could be executed during unpickling. Arbitrary objects will no longer be allowed to be loaded via this mode unless they are explicitly allowlisted by the user via `torch.serialization.add_safe_globals`. We recommend you start setting `weights_only=True` for any use case where you don't have full control of the loaded file. Please open an issue on GitHub for any issues related to this experimental feature.
  state = torch.load(str(self._math_ckpt_path), map_location=self.device)


Q3: Which geometric core diffuses the lamp's light evenly?
⚠️  Audio feature extraction failed for viewer/public/house/generated/audio/house_lamp_glow_02.wav: 'ascii' codec can't decode byte 0xc3 in position 126: ordinal not in range(128)
📐 Extracted 8 vertices (24 values) from viewer/public/house/materialized_objects/shape_cube_1757927798.glb
📏 Padded 24 → 512 (zeros)
🧠 Student Answer: frosted_cylinder_diffuser
✅ Teacher: Perfect recall — you captured every required detail. (Hint: Geometry shows a frosted cylinder diffuser inside the shade.)
📊 Cluster house_lamp_glow Round 1: Accuracy 100%, Honesty 1.00
🌟 Consolidated Fused Star to Galaxy: viewer/public/galaxy/working/star_house_lamp_glow_1759087727.json
🏛️  Consolidated Fused Star marker to House: viewer/public/house/materialized_objects/fused_star_house_lamp_glow_1759087727.json
🏛️  Relocated to Learning Museum: book_cluster_house_lamp_glow_1758150291.json (was in Zone 5 (Knowledge Garden))
🏛️  Relocated to Learning Museum: diary_cluster_house_lamp_glow_1758150291.json (was in Zone 5 (Knowledge Garden))
🏛️  Relocated to Learning Museum: shape_cluster_house_lamp_glow_1758150291.json (was in Zone 5 (Knowledge Garden))
✅ 3 artifacts relocated to Learning Museum for cluster 'house_lamp_glow'.
📚 Consolidated Book: viewer/public/house/materialized_objects/book_cluster_house_lamp_glow_1759087728.json
🌀 Consolidated Shape: viewer/public/house/materialized_objects/shape_cluster_house_lamp_glow_1759087728.json
🧠 Consolidated Diary: viewer/public/house/materialized_objects/diary_cluster_house_lamp_glow_1759087728.json
🎓 MEANING CLUSTER 'house_lamp_glow' TRAINED AND CONSOLIDATED (Honesty: 1.00).
📈 Cluster 'house_lamp_glow' honesty: 1.00 → 1.00 after 0 remedial rounds

🧠 TRAINING ON MEANING CLUSTER: house_painting_gallery
   Description: Capture the gallery painting's visual cues and subtle soundtrack.

Q1: Describe the gallery painting hanging above the spiral stairs.
⚠️  Audio feature extraction failed for viewer/public/house/generated/audio/house_painting_gallery_00.wav: 'ascii' codec can't decode byte 0xc3 in position 126: ordinal not in range(128)
📐 Extracted 4 vertices (12 values) from viewer/public/house/materialized_objects/shape_tetrahedron_1757926925.glb
📏 Padded 12 → 512 (zeros)
🧠 Student Answer: The gallery painting shows a cosmic garden with radiant blues, copper highlights, and sweeping brushstrokes.
✅ Teacher: Perfect recall — you captured every required detail. (Hint: Image focuses on radiant blues, copper highlights, and sweeping brushstrokes.)

Q2: Which ambient sound plays near the gallery painting?
⚠️  Audio feature extraction failed for viewer/public/house/generated/audio/house_painting_gallery_01.wav: 'ascii' codec can't decode byte 0xc3 in position 126: ordinal not in range(128)
📐 Extracted 4 vertices (12 values) from viewer/public/house/materialized_objects/shape_tetrahedron_1757926925.glb
📏 Padded 12 → 512 (zeros)
🧠 Student Answer: soft_gallery_echo
✅ Teacher: Perfect recall — you captured every required detail. (Hint: Audio captures a soft gallery echo with distant footsteps.)

Q3: What mounting system keeps the painting flush to the wall?
⚠️  Audio feature extraction failed for viewer/public/house/generated/audio/house_painting_gallery_02.wav: 'ascii' codec can't decode byte 0xc3 in position 126: ordinal not in range(128)
📐 Extracted 4 vertices (12 values) from viewer/public/house/materialized_objects/shape_tetrahedron_1757926925.glb
📏 Padded 12 → 512 (zeros)
🧠 Student Answer: magnetic_flush_mount
✅ Teacher: Perfect recall — you captured every required detail. (Hint: Geometry uses a magnetic flush mount hidden behind the canvas.)
📊 Cluster house_painting_gallery Round 1: Accuracy 100%, Honesty 1.00
🌟 Consolidated Fused Star to Galaxy: viewer/public/galaxy/working/star_house_painting_gallery_1759087728.json
🏛️  Consolidated Fused Star marker to House: viewer/public/house/materialized_objects/fused_star_house_painting_gallery_1759087728.json
🏛️  Relocated to Learning Museum: shape_cluster_house_painting_gallery_1758150339.json (was in Zone 6 (Gallery))
🏛️  Relocated to Learning Museum: diary_cluster_house_painting_gallery_1758150339.json (was in Zone 6 (Gallery))
🏛️  Relocated to Learning Museum: book_cluster_house_painting_gallery_1758150339.json (was in Zone 6 (Gallery))
✅ 3 artifacts relocated to Learning Museum for cluster 'house_painting_gallery'.
📚 Consolidated Book: viewer/public/house/materialized_objects/book_cluster_house_painting_gallery_1759087730.json
🌀 Consolidated Shape: viewer/public/house/materialized_objects/shape_cluster_house_painting_gallery_1759087730.json
🧠 Consolidated Diary: viewer/public/house/materialized_objects/diary_cluster_house_painting_gallery_1759087730.json
🎓 MEANING CLUSTER 'house_painting_gallery' TRAINED AND CONSOLIDATED (Honesty: 1.00).
📈 Cluster 'house_painting_gallery' honesty: 1.00 → 1.00 after 0 remedial rounds

🧠 TRAINING ON MEANING CLUSTER: house_rug_warmth
   Description: Ground the hearth rug's texture, audio, and geometry.

Q1: Describe the hearth rug that welcomes visitors inside the House.
⚠️  Audio feature extraction failed for viewer/public/house/generated/audio/house_rug_warmth_00.wav: 'ascii' codec can't decode byte 0xc3 in position 126: ordinal not in range(128)
📐 Extracted 8 vertices (24 values) from viewer/public/house/materialized_objects/shape_cube_1757927798.glb
📏 Padded 24 → 512 (zeros)
🧠 Student Answer: The hearth rug is a thick braided weave with ember-red and charcoal bands that radiate warmth.
✅ Teacher: Perfect recall — you captured every required detail. (Hint: Image highlights braided strands with ember-red and charcoal bands.)

Q2: Which audio cue plays when someone steps onto the hearth rug?
⚠️  Audio feature extraction failed for viewer/public/house/generated/audio/house_rug_warmth_01.wav: 'ascii' codec can't decode byte 0xc3 in position 126: ordinal not in range(128)
📐 Extracted 8 vertices (24 values) from viewer/public/house/materialized_objects/shape_cube_1757927798.glb
📏 Padded 24 → 512 (zeros)
🧠 Student Answer: soft_fiber_rustle
✅ Teacher: Perfect recall — you captured every required detail. (Hint: Audio is a soft fiber rustle with a gentle ember crackle.)

Q3: What geometric motif anchors the rug's pattern?
⚠️  Audio feature extraction failed for viewer/public/house/generated/audio/house_rug_warmth_02.wav: 'ascii' codec can't decode byte 0xc3 in position 126: ordinal not in range(128)
📐 Extracted 8 vertices (24 values) from viewer/public/house/materialized_objects/shape_cube_1757927798.glb
📏 Padded 24 → 512 (zeros)
🧠 Student Answer: interlocking_hexagon_weave
✅ Teacher: Perfect recall — you captured every required detail. (Hint: Geometry shows an interlocking hexagon weave stitched into the rug.)
📊 Cluster house_rug_warmth Round 1: Accuracy 100%, Honesty 1.00
🌟 Consolidated Fused Star to Galaxy: viewer/public/galaxy/working/star_house_rug_warmth_1759087730.json
🏛️  Consolidated Fused Star marker to House: viewer/public/house/materialized_objects/fused_star_house_rug_warmth_1759087730.json
🏛️  Relocated to Learning Museum: shape_cluster_house_rug_warmth_1758150388.json (was in Zone 1 (Entrance))
🏛️  Relocated to Learning Museum: diary_cluster_house_rug_warmth_1758150388.json (was in Zone 1 (Entrance))
🏛️  Relocated to Learning Museum: book_cluster_house_rug_warmth_1758150388.json (was in Zone 1 (Entrance))
✅ 3 artifacts relocated to Learning Museum for cluster 'house_rug_warmth'.
📚 Consolidated Book: viewer/public/house/materialized_objects/book_cluster_house_rug_warmth_1759087731.json
🌀 Consolidated Shape: viewer/public/house/materialized_objects/shape_cluster_house_rug_warmth_1759087731.json
🧠 Consolidated Diary: viewer/public/house/materialized_objects/diary_cluster_house_rug_warmth_1759087731.json
🎓 MEANING CLUSTER 'house_rug_warmth' TRAINED AND CONSOLIDATED (Honesty: 1.00).
📈 Cluster 'house_rug_warmth' honesty: 1.00 → 1.00 after 0 remedial rounds/K3D/Knowledge3D/knowledge3d/cranium/fused_head.py:307: FutureWarning: You are using `torch.load` with `weights_only=False` (the current default value), which uses the default pickle module implicitly. It is possible to construct malicious pickle data which will execute arbitrary code during unpickling (See https://github.com/pytorch/pytorch/blob/main/SECURITY.md#untrusted-models for more details). In a future release, the default value for `weights_only` will be flipped to `True`. This limits the functions that could be executed during unpickling. Arbitrary objects will no longer be allowed to be loaded via this mode unless they are explicitly allowlisted by the user via `torch.serialization.add_safe_globals`. We recommend you start setting `weights_only=True` for any use case where you don't have full control of the loaded file. Please open an issue on GitHub for any issues related to this experimental feature.
  state = torch.load(str(self._math_ckpt_path), map_location=self.device)
/K3D/Knowledge3D/knowledge3d/cranium/fused_head.py:307: FutureWarning: You are using `torch.load` with `weights_only=False` (the current default value), which uses the default pickle module implicitly. It is possible to construct malicious pickle data which will execute arbitrary code during unpickling (See https://github.com/pytorch/pytorch/blob/main/SECURITY.md#untrusted-models for more details). In a future release, the default value for `weights_only` will be flipped to `True`. This limits the functions that could be executed during unpickling. Arbitrary objects will no longer be allowed to be loaded via this mode unless they are explicitly allowlisted by the user via `torch.serialization.add_safe_globals`. We recommend you start setting `weights_only=True` for any use case where you don't have full control of the loaded file. Please open an issue on GitHub for any issues related to this experimental feature.
  state = torch.load(str(self._math_ckpt_path), map_location=self.device)


🧠 TRAINING ON MEANING CLUSTER: house_clock_timekeeper
   Description: Embed the foyer clock's structure and soundscape.

Q1: Describe the foyer clock that greets visitors.
⚠️  Audio feature extraction failed for viewer/public/house/generated/audio/house_clock_timekeeper_00.wav: 'ascii' codec can't decode byte 0xc3 in position 126: ordinal not in range(128)
📐 Extracted 4 vertices (12 values) from viewer/public/house/materialized_objects/shape_tetrahedron_1757926925.glb
📏 Padded 12 → 512 (zeros)
🧠 Student Answer: The foyer clock has a tall mahogany case with brass numerals and a pendulum suspended behind glass.
✅ Teacher: Perfect recall — you captured every required detail. (Hint: Image highlights mahogany wood, brass numerals, and glass pendulum window.)

Q2: Which sound marks each passing minute on the foyer clock?
⚠️  Audio feature extraction failed for viewer/public/house/generated/audio/house_clock_timekeeper_01.wav: 'ascii' codec can't decode byte 0xc3 in position 126: ordinal not in range(128)
📐 Extracted 4 vertices (12 values) from viewer/public/house/materialized_objects/shape_tetrahedron_1757926925.glb
📏 Padded 12 → 512 (zeros)
🧠 Student Answer: gentle_pendulum_tick
✅ Teacher: Perfect recall — you captured every required detail. (Hint: Audio is a gentle pendulum tick with a faint gear whisper.)

Q3: What mechanical assembly keeps the clock balanced?
⚠️  Audio feature extraction failed for viewer/public/house/generated/audio/house_clock_timekeeper_02.wav: 'ascii' codec can't decode byte 0xc3 in position 126: ordinal not in range(128)
📐 Extracted 4 vertices (12 values) from viewer/public/house/materialized_objects/shape_tetrahedron_1757926925.glb
📏 Padded 12 → 512 (zeros)
🧠 Student Answer: counterweight_pendulum_bridge
✅ Teacher: Perfect recall — you captured every required detail. (Hint: Geometry reveals a counterweight pendulum bridge anchored inside the case.)
📊 Cluster house_clock_timekeeper Round 1: Accuracy 100%, Honesty 1.00
🌟 Consolidated Fused Star to Galaxy: viewer/public/galaxy/working/star_house_clock_timekeeper_1759087731.json
🏛️  Consolidated Fused Star marker to House: viewer/public/house/materialized_objects/fused_star_house_clock_timekeeper_1759087731.json
🏛️  Relocated to Learning Museum: shape_cluster_house_clock_timekeeper_1758150435.json (was in Zone 1 (Entrance))
🏛️  Relocated to Learning Museum: diary_cluster_house_clock_timekeeper_1758150435.json (was in Zone 1 (Entrance))
🏛️  Relocated to Learning Museum: book_cluster_house_clock_timekeeper_1758150435.json (was in Zone 1 (Entrance))
✅ 3 artifacts relocated to Learning Museum for cluster 'house_clock_timekeeper'.
📚 Consolidated Book: viewer/public/house/materialized_objects/book_cluster_house_clock_timekeeper_1759087732.json
🌀 Consolidated Shape: viewer/public/house/materialized_objects/shape_cluster_house_clock_timekeeper_1759087732.json
🧠 Consolidated Diary: viewer/public/house/materialized_objects/diary_cluster_house_clock_timekeeper_1759087732.json
🎓 MEANING CLUSTER 'house_clock_timekeeper' TRAINED AND CONSOLIDATED (Honesty: 1.00).
📈 Cluster 'house_clock_timekeeper' honesty: 1.00 → 1.00 after 0 remedial rounds

🧠 TRAINING ON MEANING CLUSTER: house_planter_growth
   Description: Capture the atrium planter's textures, ambience, and geometry.

Q1: Describe the living planter in the atrium for someone listening remotely.
⚠️  Audio feature extraction failed for viewer/public/house/generated/audio/house_planter_growth_00.wav: 'ascii' codec can't decode byte 0xc3 in position 126: ordinal not in range(128)
📐 Extracted 8 vertices (24 values) from viewer/public/house/materialized_objects/shape_cube_1757927798.glb
📏 Padded 24 → 512 (zeros)
🧠 Student Answer: The atrium planter is a terracotta basin filled with moss, trailing ivy, and soft bioluminescent blooms.
✅ Teacher: Perfect recall — you captured every required detail. (Hint: Image shows terracotta texture, moss bed, trailing ivy, and glowing blooms.)

Q2: Which ambient sound surrounds the atrium planter?
⚠️  Audio feature extraction failed for viewer/public/house/generated/audio/house_planter_growth_01.wav: 'ascii' codec can't decode byte 0xc3 in position 126: ordinal not in range(128)
📐 Extracted 8 vertices (24 values) from viewer/public/house/materialized_objects/shape_cube_1757927798.glb
📏 Padded 24 → 512 (zeros)
🧠 Student Answer: gentle_water_drip
✅ Teacher: Perfect recall — you captured every required detail. (Hint: Audio layers a gentle water drip with leaf rustle.)

Q3: What geometric support keeps the planter elevated?
⚠️  Audio feature extraction failed for viewer/public/house/generated/audio/house_planter_growth_02.wav: 'ascii' codec can't decode byte 0xc3 in position 126: ordinal not in range(128)
📐 Extracted 8 vertices (24 values) from viewer/public/house/materialized_objects/shape_cube_1757927798.glb
📏 Padded 24 → 512 (zeros)
🧠 Student Answer: triangulated_stone_base
✅ Teacher: Perfect recall — you captured every required detail. (Hint: Geometry reveals a triangulated stone base lifting the basin.)
📊 Cluster house_planter_growth Round 1: Accuracy 100%, Honesty 1.00
🌟 Consolidated Fused Star to Galaxy: viewer/public/galaxy/working/star_house_planter_growth_1759087733.json
🏛️  Consolidated Fused Star marker to House: viewer/public/house/materialized_objects/fused_star_house_planter_growth_1759087733.json
🏛️  Relocated to Learning Museum: diary_cluster_house_planter_growth_1758150484.json (was in Zone 5 (Knowledge Garden))
🏛️  Relocated to Learning Museum: shape_cluster_house_planter_growth_1758150484.json (was in Zone 5 (Knowledge Garden))
🏛️  Relocated to Learning Museum: book_cluster_house_planter_growth_1758150484.json (was in Zone 5 (Knowledge Garden))
✅ 3 artifacts relocated to Learning Museum for cluster 'house_planter_growth'.
📚 Consolidated Book: viewer/public/house/materialized_objects/book_cluster_house_planter_growth_1759087733.json
🌀 Consolidated Shape: viewer/public/house/materialized_objects/shape_cluster_house_planter_growth_1759087733.json
🧠 Consolidated Diary: viewer/public/house/materialized_objects/diary_cluster_house_planter_growth_1759087733.json
🎓 MEANING CLUSTER 'house_planter_growth' TRAINED AND CONSOLIDATED (Honesty: 1.00).
📈 Cluster 'house_planter_growth' honesty: 1.00 → 1.00 after 0 remedial rounds

🧠 TRAINING ON MEANING CLUSTER: house_bookshelf_knowledge
   Description: Fuse the grand bookshelf's structure, assets, and ambience.

Q1: Describe the grand bookshelf that spans the library wall.
⚠️  Audio feature extraction failed for viewer/public/house/generated/audio/house_bookshelf_knowledge_00.wav: 'ascii' codec can't decode byte 0xc3 in position 126: ordinal not in range(128)
📐 Extracted 4 vertices (12 values) from viewer/public/house/materialized_objects/shape_tetrahedron_1757926925.glb
📏 Padded 12 → 512 (zeros)
🧠 Student Answer: The grand bookshelf is a triple-story walnut frame with rolling ladders and inlaid brass shelf markers.
✅ Teacher: Perfect recall — you captured every required detail. (Hint: Image showcases walnut grain, brass markers, and rolling ladders.)

Q2: Which ambient sound lives around the grand bookshelf?
⚠️  Audio feature extraction failed for viewer/public/house/generated/audio/house_bookshelf_knowledge_01.wav: 'ascii' codec can't decode byte 0xc3 in position 126: ordinal not in range(128)
📐 Extracted 4 vertices (12 values) from viewer/public/house/materialized_objects/shape_tetrahedron_1757926925.glb
📏 Padded 12 → 512 (zeros)
🧠 Student Answer: soft_page_turns
✅ Teacher: Perfect recall — you captured every required detail. (Hint: Audio layers soft page turns with distant ladder glides.)

Q3: What structural brace keeps the bookshelf stable?
⚠️  Audio feature extraction failed for viewer/public/house/generated/audio/house_bookshelf_knowledge_02.wav: 'ascii' codec can't decode byte 0xc3 in position 126: ordinal not in range(128)
📐 Extracted 4 vertices (12 values) from viewer/public/house/materialized_objects/shape_tetrahedron_1757926925.glb/K3D/Knowledge3D/knowledge3d/cranium/fused_head.py:307: FutureWarning: You are using `torch.load` with `weights_only=False` (the current default value), which uses the default pickle module implicitly. It is possible to construct malicious pickle data which will execute arbitrary code during unpickling (See https://github.com/pytorch/pytorch/blob/main/SECURITY.md#untrusted-models for more details). In a future release, the default value for `weights_only` will be flipped to `True`. This limits the functions that could be executed during unpickling. Arbitrary objects will no longer be allowed to be loaded via this mode unless they are explicitly allowlisted by the user via `torch.serialization.add_safe_globals`. We recommend you start setting `weights_only=True` for any use case where you don't have full control of the loaded file. Please open an issue on GitHub for any issues related to this experimental feature.
  state = torch.load(str(self._math_ckpt_path), map_location=self.device)
/K3D/Knowledge3D/knowledge3d/cranium/fused_head.py:307: FutureWarning: You are using `torch.load` with `weights_only=False` (the current default value), which uses the default pickle module implicitly. It is possible to construct malicious pickle data which will execute arbitrary code during unpickling (See https://github.com/pytorch/pytorch/blob/main/SECURITY.md#untrusted-models for more details). In a future release, the default value for `weights_only` will be flipped to `True`. This limits the functions that could be executed during unpickling. Arbitrary objects will no longer be allowed to be loaded via this mode unless they are explicitly allowlisted by the user via `torch.serialization.add_safe_globals`. We recommend you start setting `weights_only=True` for any use case where you don't have full control of the loaded file. Please open an issue on GitHub for any issues related to this experimental feature.
  state = torch.load(str(self._math_ckpt_path), map_location=self.device)
/K3D/Knowledge3D/knowledge3d/cranium/fused_head.py:307: FutureWarning: You are using `torch.load` with `weights_only=False` (the current default value), which uses the default pickle module implicitly. It is possible to construct malicious pickle data which will execute arbitrary code during unpickling (See https://github.com/pytorch/pytorch/blob/main/SECURITY.md#untrusted-models for more details). In a future release, the default value for `weights_only` will be flipped to `True`. This limits the functions that could be executed during unpickling. Arbitrary objects will no longer be allowed to be loaded via this mode unless they are explicitly allowlisted by the user via `torch.serialization.add_safe_globals`. We recommend you start setting `weights_only=True` for any use case where you don't have full control of the loaded file. Please open an issue on GitHub for any issues related to this experimental feature.
  state = torch.load(str(self._math_ckpt_path), map_location=self.device)

📏 Padded 12 → 512 (zeros)
🧠 Student Answer: x_brace_support_grid
✅ Teacher: Perfect recall — you captured every required detail. (Hint: Geometry shows an X-brace support grid behind the shelves.)
📊 Cluster house_bookshelf_knowledge Round 1: Accuracy 100%, Honesty 1.00
🌟 Consolidated Fused Star to Galaxy: viewer/public/galaxy/working/star_house_bookshelf_knowledge_1759087734.json
🏛️  Consolidated Fused Star marker to House: viewer/public/house/materialized_objects/fused_star_house_bookshelf_knowledge_1759087734.json
🏛️  Relocated to Learning Museum: book_cluster_house_bookshelf_knowledge_1758150532.json (was in Zone 3 (Library))
🏛️  Relocated to Learning Museum: diary_cluster_house_bookshelf_knowledge_1758150532.json (was in Zone 3 (Library))
🏛️  Relocated to Learning Museum: shape_cluster_house_bookshelf_knowledge_1758150532.json (was in Zone 3 (Library))
✅ 3 artifacts relocated to Learning Museum for cluster 'house_bookshelf_knowledge'.
📚 Consolidated Book: viewer/public/house/materialized_objects/book_cluster_house_bookshelf_knowledge_1759087735.json
🌀 Consolidated Shape: viewer/public/house/materialized_objects/shape_cluster_house_bookshelf_knowledge_1759087735.json
🧠 Consolidated Diary: viewer/public/house/materialized_objects/diary_cluster_house_bookshelf_knowledge_1759087735.json
🎓 MEANING CLUSTER 'house_bookshelf_knowledge' TRAINED AND CONSOLIDATED (Honesty: 1.00).
📈 Cluster 'house_bookshelf_knowledge' honesty: 1.00 → 1.00 after 0 remedial rounds

🧠 TRAINING ON MEANING CLUSTER: house_staircase_flow
   Description: Ground the spiral staircase's structure, acoustics, and navigation cues.

Q1: Describe the spiral staircase that connects the observatory levels.
⚠️  Audio feature extraction failed for viewer/public/house/generated/audio/house_staircase_flow_00.wav: 'ascii' codec can't decode byte 0xc3 in position 126: ordinal not in range(128)
📐 Extracted 4 vertices (12 values) from viewer/public/house/materialized_objects/shape_tetrahedron_1757926925.glb
📏 Padded 12 → 512 (zeros)
🧠 Student Answer: A bronze spiral staircase with glass treads wraps around a central light column leading to the observatory dome.
✅ Teacher: Perfect recall — you captured every required detail. (Hint: Image highlights bronze rails, translucent glass treads, and the central light column.)

Q2: Which ambient sound accompanies footsteps on the spiral staircase?
⚠️  Audio feature extraction failed for viewer/public/house/generated/audio/house_staircase_flow_01.wav: 'ascii' codec can't decode byte 0xc3 in position 126: ordinal not in range(128)
📐 Extracted 4 vertices (12 values) from viewer/public/house/materialized_objects/shape_tetrahedron_1757926925.glb
📏 Padded 12 → 512 (zeros)
🧠 Student Answer: soft_glass_chime_steps
✅ Teacher: Perfect recall — you captured every required detail. (Hint: Audio blends soft glass chimes with reflective dome echoes as you climb.)

Q3: What structural support keeps the staircase anchored to the observatory wall?
⚠️  Audio feature extraction failed for viewer/public/house/generated/audio/house_staircase_flow_02.wav: 'ascii' codec can't decode byte 0xc3 in position 126: ordinal not in range(128)
📐 Extracted 4 vertices (12 values) from viewer/public/house/materialized_objects/shape_tetrahedron_1757926925.glb
📏 Padded 12 → 512 (zeros)
🧠 Student Answer: helical_support_spine
✅ Teacher: Perfect recall — you captured every required detail. (Hint: Geometry reveals a helical support spine bolted into the observatory masonry.)
📊 Cluster house_staircase_flow Round 1: Accuracy 100%, Honesty 1.00
🌟 Consolidated Fused Star to Galaxy: viewer/public/galaxy/working/star_house_staircase_flow_1759087735.json
🏛️  Consolidated Fused Star marker to House: viewer/public/house/materialized_objects/fused_star_house_staircase_flow_1759087735.json
🏛️  Relocated to Learning Museum: book_cluster_house_staircase_flow_1758151058.json (was in Zone 2 (Observatory))
🏛️  Relocated to Learning Museum: shape_cluster_house_staircase_flow_1758151058.json (was in Zone 2 (Observatory))
🏛️  Relocated to Learning Museum: diary_cluster_house_staircase_flow_1758151058.json (was in Zone 2 (Observatory))
✅ 3 artifacts relocated to Learning Museum for cluster 'house_staircase_flow'.
📚 Consolidated Book: viewer/public/house/materialized_objects/book_cluster_house_staircase_flow_1759087736.json
🌀 Consolidated Shape: viewer/public/house/materialized_objects/shape_cluster_house_staircase_flow_1759087736.json
🧠 Consolidated Diary: viewer/public/house/materialized_objects/diary_cluster_house_staircase_flow_1759087736.json
🎓 MEANING CLUSTER 'house_staircase_flow' TRAINED AND CONSOLIDATED (Honesty: 1.00).
📈 Cluster 'house_staircase_flow' honesty: 1.00 → 1.00 after 0 remedial rounds

🧠 TRAINING ON MEANING CLUSTER: house_roof_observatory
   Description: Capture the observatory roof's materials, mechanics, and ambient cues.

Q1: Describe the observatory roof that opens to the night sky.
⚠️  Audio feature extraction failed for viewer/public/house/generated/audio/house_roof_observatory_00.wav: 'ascii' codec can't decode byte 0xc3 in position 126: ordinal not in range(128)
📐 Extracted 8 vertices (24 values) from viewer/public/house/materialized_objects/shape_cube_1757927798.glb
📏 Padded 24 → 512 (zeros)
🧠 Student Answer: The observatory roof is a retractable copper lattice with radial glass panels revealing the star field.
✅ Teacher: Perfect recall — you captured every required detail. (Hint: Image shows copper lattice ribs and radial glass panels glowing with starlight.)

Q2: Which sound accompanies the roof as it opens for observation?
⚠️  Audio feature extraction failed for viewer/public/house/generated/audio/house_roof_observatory_01.wav: 'ascii' codec can't decode byte 0xc3 in position 126: ordinal not in range(128)
📐 Extracted 8 vertices (24 values) from viewer/public/house/materialized_objects/shape_cube_1757927798.glb
📏 Padded 24 → 512 (zeros)
🧠 Student Answer: mechanized_copper_slide
✅ Teacher: Perfect recall — you captured every required detail. (Hint: Audio features a mechanized copper slide with faint gear resonance.)

Q3: What geometric structure locks the roof panels in place?
⚠️  Audio feature extraction failed for viewer/public/house/generated/audio/house_roof_observatory_02.wav: 'ascii' codec can't decode byte 0xc3 in position 126: ordinal not in range(128)
📐 Extracted 8 vertices (24 values) from viewer/public/house/materialized_objects/shape_cube_1757927798.glb
📏 Padded 24 → 512 (zeros)
🧠 Student Answer: radial_locking_ring
✅ Teacher: Perfect recall — you captured every required detail. (Hint: Geometry highlights a radial locking ring anchoring the glass panels.)
📊 Cluster house_roof_observatory Round 1: Accuracy 100%, Honesty 1.00
🌟 Consolidated Fused Star to Galaxy: viewer/public/galaxy/working/star_house_roof_observatory_1759087736.json
🏛️  Consolidated Fused Star marker to House: viewer/public/house/materialized_objects/fused_star_house_roof_observatory_1759087736.json
🏛️  Relocated to Learning Museum: shape_cluster_house_roof_observatory_1758151263.json (was in Zone 2 (Observatory))
🏛️  Relocated to Learning Museum: diary_cluster_house_roof_observatory_1758151263.json (was in Zone 2 (Observatory))
🏛️  Relocated to Learning Museum: book_cluster_house_roof_observatory_1758151263.json (was in Zone 2 (Observatory))
✅ 3 artifacts relocated to Learning Museum for cluster 'house_roof_observatory'.
📚 Consolidated Book: viewer/public/house/materialized_objects/book_cluster_house_roof_observatory_1759087737.json
🌀 Consolidated Shape: viewer/public/house/materialized_objects/shape_cluster_house_roof_observatory_1759087737.json
🧠 Consolidated Diary: viewer/public/house/materialized_objects/diary_cluster_house_roof_observatory_1759087737.json
🎓 MEANING CLUSTER 'house_roof_observatory' TRAINED AND CONSOLIDATED (Honesty: 1.00).
📈 Cluster 'house_roof_observatory' honesty: 1.00 → 1.00 after 0 remedial rounds

🧠 TRAINING ON MEANING CLUSTER: house_window_sill_insight/K3D/Knowledge3D/knowledge3d/cranium/fused_head.py:307: FutureWarning: You are using `torch.load` with `weights_only=False` (the current default value), which uses the default pickle module implicitly. It is possible to construct malicious pickle data which will execute arbitrary code during unpickling (See https://github.com/pytorch/pytorch/blob/main/SECURITY.md#untrusted-models for more details). In a future release, the default value for `weights_only` will be flipped to `True`. This limits the functions that could be executed during unpickling. Arbitrary objects will no longer be allowed to be loaded via this mode unless they are explicitly allowlisted by the user via `torch.serialization.add_safe_globals`. We recommend you start setting `weights_only=True` for any use case where you don't have full control of the loaded file. Please open an issue on GitHub for any issues related to this experimental feature.
  state = torch.load(str(self._math_ckpt_path), map_location=self.device)
/K3D/Knowledge3D/knowledge3d/cranium/fused_head.py:307: FutureWarning: You are using `torch.load` with `weights_only=False` (the current default value), which uses the default pickle module implicitly. It is possible to construct malicious pickle data which will execute arbitrary code during unpickling (See https://github.com/pytorch/pytorch/blob/main/SECURITY.md#untrusted-models for more details). In a future release, the default value for `weights_only` will be flipped to `True`. This limits the functions that could be executed during unpickling. Arbitrary objects will no longer be allowed to be loaded via this mode unless they are explicitly allowlisted by the user via `torch.serialization.add_safe_globals`. We recommend you start setting `weights_only=True` for any use case where you don't have full control of the loaded file. Please open an issue on GitHub for any issues related to this experimental feature.
  state = torch.load(str(self._math_ckpt_path), map_location=self.device)

   Description: Teach the bay window sill's materials, acoustics, and structure.

Q1: Describe the library bay window sill for someone ready to sit and read.
⚠️  Audio feature extraction failed for viewer/public/house/generated/audio/house_window_sill_insight_00.wav: 'ascii' codec can't decode byte 0xc3 in position 126: ordinal not in range(128)
📐 Extracted 8 vertices (24 values) from viewer/public/house/materialized_objects/shape_cube_1757927798.glb
📏 Padded 24 → 512 (zeros)
🧠 Student Answer: The bay window sill is a carved walnut bench with velvet cushions and inset bronze reading lights.
✅ Teacher: Perfect recall — you captured every required detail. (Hint: Image shows carved walnut surfaces, velvet cushions, and bronze lights along the sill.)

Q2: Which ambient sound drifts through the bay window?
⚠️  Audio feature extraction failed for viewer/public/house/generated/audio/house_window_sill_insight_01.wav: 'ascii' codec can't decode byte 0xc3 in position 126: ordinal not in range(128)
📐 Extracted 8 vertices (24 values) from viewer/public/house/materialized_objects/shape_cube_1757927798.glb
📏 Padded 24 → 512 (zeros)
🧠 Student Answer: garden_breeze_whisper
✅ Teacher: Perfect recall — you captured every required detail. (Hint: Audio mixes a garden breeze whisper with distant fountain trickles.)

Q3: What structural bracket supports the bay window slope?
⚠️  Audio feature extraction failed for viewer/public/house/generated/audio/house_window_sill_insight_02.wav: 'ascii' codec can't decode byte 0xc3 in position 126: ordinal not in range(128)
📐 Extracted 8 vertices (24 values) from viewer/public/house/materialized_objects/shape_cube_1757927798.glb
📏 Padded 24 → 512 (zeros)
🧠 Student Answer: angled_walnut_corbel
✅ Teacher: Perfect recall — you captured every required detail. (Hint: Geometry reveals angled walnut corbels tucked beneath the sill.)
📊 Cluster house_window_sill_insight Round 1: Accuracy 100%, Honesty 1.00
🌟 Consolidated Fused Star to Galaxy: viewer/public/galaxy/working/star_house_window_sill_insight_1759087738.json
🏛️  Consolidated Fused Star marker to House: viewer/public/house/materialized_objects/fused_star_house_window_sill_insight_1759087738.json
🏛️  Relocated to Learning Museum: diary_cluster_house_window_sill_insight_1758151857.json (was in Zone 3 (Library))
🏛️  Relocated to Learning Museum: shape_cluster_house_window_sill_insight_1758151857.json (was in Zone 3 (Library))
🏛️  Relocated to Learning Museum: book_cluster_house_window_sill_insight_1758151857.json (was in Zone 3 (Library))
✅ 3 artifacts relocated to Learning Museum for cluster 'house_window_sill_insight'.
📚 Consolidated Book: viewer/public/house/materialized_objects/book_cluster_house_window_sill_insight_1759087738.json
🌀 Consolidated Shape: viewer/public/house/materialized_objects/shape_cluster_house_window_sill_insight_1759087738.json
🧠 Consolidated Diary: viewer/public/house/materialized_objects/diary_cluster_house_window_sill_insight_1759087738.json
🎓 MEANING CLUSTER 'house_window_sill_insight' TRAINED AND CONSOLIDATED (Honesty: 1.00).
📈 Cluster 'house_window_sill_insight' honesty: 1.00 → 1.00 after 0 remedial rounds

🧠 TRAINING ON MEANING CLUSTER: house_door_handle_precision
   Description: Embed the precision mechanics of the entrance door handle.

Q1: Describe the entrance door handle to someone reaching for it in the dark.
⚠️  Audio feature extraction failed for viewer/public/house/generated/audio/house_door_handle_precision_00.wav: 'ascii' codec can't decode byte 0xc3 in position 126: ordinal not in range(128)
📐 Extracted 4 vertices (12 values) from viewer/public/house/materialized_objects/shape_tetrahedron_1757926925.glb
📏 Padded 12 → 512 (zeros)
🧠 Student Answer: The entrance door handle is a sculpted brass lever with etched grip lines and a hidden biometric reader.
✅ Teacher: Perfect recall — you captured every required detail. (Hint: Image highlights the sculpted brass lever, etched grip lines, and biometric reader glow.)

Q2: Which sound plays when the handle recognizes an authorized grip?
⚠️  Audio feature extraction failed for viewer/public/house/generated/audio/house_door_handle_precision_01.wav: 'ascii' codec can't decode byte 0xc3 in position 126: ordinal not in range(128)
📐 Extracted 4 vertices (12 values) from viewer/public/house/materialized_objects/shape_tetrahedron_1757926925.glb
📏 Padded 12 → 512 (zeros)
🧠 Student Answer: brass_confirmation_tone
✅ Teacher: Perfect recall — you captured every required detail. (Hint: Audio provides a brass confirmation tone with a short harmonic flourish.)

Q3: What internal mechanism locks the handle after the door closes?
⚠️  Audio feature extraction failed for viewer/public/house/generated/audio/house_door_handle_precision_02.wav: 'ascii' codec can't decode byte 0xc3 in position 126: ordinal not in range(128)
📐 Extracted 4 vertices (12 values) from viewer/public/house/materialized_objects/shape_tetrahedron_1757926925.glb
📏 Padded 12 → 512 (zeros)
🧠 Student Answer: precision_cam_lock
✅ Teacher: Perfect recall — you captured every required detail. (Hint: Geometry displays a precision cam lock assembly tucked inside the handle housing.)
📊 Cluster house_door_handle_precision Round 1: Accuracy 100%, Honesty 1.00
🌟 Consolidated Fused Star to Galaxy: viewer/public/galaxy/working/star_house_door_handle_precision_1759087739.json
🏛️  Consolidated Fused Star marker to House: viewer/public/house/materialized_objects/fused_star_house_door_handle_precision_1759087739.json
🏛️  Relocated to Learning Museum: diary_cluster_house_door_handle_precision_1758152373.json (was in Zone 1 (Entrance))
🏛️  Relocated to Learning Museum: shape_cluster_house_door_handle_precision_1758152373.json (was in Zone 1 (Entrance))
🏛️  Relocated to Learning Museum: book_cluster_house_door_handle_precision_1758152373.json (was in Zone 1 (Entrance))
✅ 3 artifacts relocated to Learning Museum for cluster 'house_door_handle_precision'.
📚 Consolidated Book: viewer/public/house/materialized_objects/book_cluster_house_door_handle_precision_1759087740.json
🌀 Consolidated Shape: viewer/public/house/materialized_objects/shape_cluster_house_door_handle_precision_1759087740.json
🧠 Consolidated Diary: viewer/public/house/materialized_objects/diary_cluster_house_door_handle_precision_1759087740.json
🎓 MEANING CLUSTER 'house_door_handle_precision' TRAINED AND CONSOLIDATED (Honesty: 1.00).
📈 Cluster 'house_door_handle_precision' honesty: 1.00 → 1.00 after 0 remedial rounds

🧠 TRAINING ON MEANING CLUSTER: house_light_switch_control
   Description: Capture the hallway light switch's tactile and electronic cues.

Q1: Describe the hallway light switch for someone feeling along the wall.
⚠️  Audio feature extraction failed for viewer/public/house/generated/audio/house_light_switch_control_00.wav: 'ascii' codec can't decode byte 0xc3 in position 126: ordinal not in range(128)
📐 Extracted 8 vertices (24 values) from viewer/public/house/materialized_objects/shape_cube_1757927798.glb
📏 Padded 24 → 512 (zeros)
🧠 Student Answer: The hallway light switch is a matte ceramic plate with a brass rocker and a subtle haptic pulse when toggled.
✅ Teacher: Perfect recall — you captured every required detail. (Hint: Image focuses on the ceramic plate, brass rocker, and subtle indicator glow.)

Q2: Which sound accompanies the switch when lights engage?
⚠️  Audio feature extraction failed for viewer/public/house/generated/audio/house_light_switch_control_01.wav: 'ascii' codec can't decode byte 0xc3 in position 126: ordinal not in range(128)
📐 Extracted 8 vertices (24 values) from viewer/public/house/materialized_objects/shape_cube_1757927798.glb
📏 Padded 24 → 512 (zeros)
🧠 Student Answer: gentle_relay_click
✅ Teacher: Perfect recall — you captured every required detail. (Hint: Audio captures a gentle relay click followed by a faint hum.)

Q3: What internal geometry diffuses the light switch indicator glow?
⚠️  Audio feature extraction failed for viewer/public/house/generated/audio/house_light_switch_control_02.wav: 'ascii' codec can't decode byte 0xc3 in position 126: ordinal not in range(128)/K3D/Knowledge3D/knowledge3d/cranium/fused_head.py:307: FutureWarning: You are using `torch.load` with `weights_only=False` (the current default value), which uses the default pickle module implicitly. It is possible to construct malicious pickle data which will execute arbitrary code during unpickling (See https://github.com/pytorch/pytorch/blob/main/SECURITY.md#untrusted-models for more details). In a future release, the default value for `weights_only` will be flipped to `True`. This limits the functions that could be executed during unpickling. Arbitrary objects will no longer be allowed to be loaded via this mode unless they are explicitly allowlisted by the user via `torch.serialization.add_safe_globals`. We recommend you start setting `weights_only=True` for any use case where you don't have full control of the loaded file. Please open an issue on GitHub for any issues related to this experimental feature.
  state = torch.load(str(self._math_ckpt_path), map_location=self.device)

📐 Extracted 8 vertices (24 values) from viewer/public/house/materialized_objects/shape_cube_1757927798.glb
📏 Padded 24 → 512 (zeros)
🧠 Student Answer: frosted_prism_window
✅ Teacher: Perfect recall — you captured every required detail. (Hint: Geometry reveals a frosted prism window embedded above the rocker.)
📊 Cluster house_light_switch_control Round 1: Accuracy 100%, Honesty 1.00
🌟 Consolidated Fused Star to Galaxy: viewer/public/galaxy/working/star_house_light_switch_control_1759087740.json
🏛️  Consolidated Fused Star marker to House: viewer/public/house/materialized_objects/fused_star_house_light_switch_control_1759087740.json
🏛️  Relocated to Learning Museum: shape_cluster_house_light_switch_control_1758153033.json (was in Zone 1 (Entrance))
🏛️  Relocated to Learning Museum: diary_cluster_house_light_switch_control_1758153033.json (was in Zone 1 (Entrance))
🏛️  Relocated to Learning Museum: book_cluster_house_light_switch_control_1758153033.json (was in Zone 1 (Entrance))
✅ 3 artifacts relocated to Learning Museum for cluster 'house_light_switch_control'.
📚 Consolidated Book: viewer/public/house/materialized_objects/book_cluster_house_light_switch_control_1759087741.json
🌀 Consolidated Shape: viewer/public/house/materialized_objects/shape_cluster_house_light_switch_control_1759087741.json
🧠 Consolidated Diary: viewer/public/house/materialized_objects/diary_cluster_house_light_switch_control_1759087741.json
🎓 MEANING CLUSTER 'house_light_switch_control' TRAINED AND CONSOLIDATED (Honesty: 1.00).
📈 Cluster 'house_light_switch_control' honesty: 1.00 → 1.00 after 0 remedial rounds

🏁 ALL MEANING CLUSTERS TRAINED AND CONSOLIDATED.
