/K3D/Knowledge3D/knowledge3d/cranium/fused_head.py:307: FutureWarning: You are using `torch.load` with `weights_only=False` (the current default value), which uses the default pickle module implicitly. It is possible to construct malicious pickle data which will execute arbitrary code during unpickling (See https://github.com/pytorch/pytorch/blob/main/SECURITY.md#untrusted-models for more details). In a future release, the default value for `weights_only` will be flipped to `True`. This limits the functions that could be executed during unpickling. Arbitrary objects will no longer be allowed to be loaded via this mode unless they are explicitly allowlisted by the user via `torch.serialization.add_safe_globals`. We recommend you start setting `weights_only=True` for any use case where you don't have full control of the loaded file. Please open an issue on GitHub for any issues related to this experimental feature.
  state = torch.load(str(self._math_ckpt_path), map_location=self.device)
✅ PIL already installed.
📦 Installing librosa via conda (conda-forge)...
✅ librosa installed (conda).
✅ pygltflib already installed.
🖼️  Mapped 0 ARC-AGI images.
🔊 Mapped 1 HLE audio files.
🚀 Training math head on device: cuda
📚 Training set size: 1998 items (0..999 answers)
🧮 Epoch 1: acc=0.958 (1914/1998)
🧮 Epoch 2: acc=0.984 (1967/1998)
🧮 Epoch 3: acc=0.992 (1983/1998)
🧮 Epoch 4: acc=0.992 (1983/1998)
🧮 Epoch 5: acc=0.995 (1988/1998)
🧮 Epoch 6: acc=0.996 (1990/1998)
🧮 Epoch 7: acc=0.994 (1987/1998)
🧮 Epoch 8: acc=0.993 (1985/1998)
🧮 Epoch 9: acc=0.998 (1994/1998)
🧮 Epoch 10: acc=0.996 (1991/1998)
🧮 Epoch 11: acc=0.996 (1991/1998)
🧮 Epoch 12: acc=0.998 (1994/1998)
🧮 Epoch 13: acc=0.997 (1993/1998)
🧮 Epoch 14: acc=0.997 (1993/1998)
🧮 Epoch 15: acc=0.996 (1990/1998)
🧮 Epoch 16: acc=0.997 (1992/1998)
🧮 Epoch 17: acc=0.997 (1993/1998)
🧮 Epoch 18: acc=0.996 (1990/1998)
🧮 Epoch 19: acc=0.997 (1993/1998)
🧮 Epoch 20: acc=0.996 (1990/1998)
🧮 Epoch 21: acc=0.996 (1990/1998)
🧮 Epoch 22: acc=0.998 (1995/1998)
🧮 Epoch 23: acc=0.999 (1996/1998)
🧮 Epoch 24: acc=0.997 (1993/1998)
🧮 Epoch 25: acc=0.996 (1991/1998)
🧮 Epoch 26: acc=0.997 (1992/1998)
🧮 Epoch 27: acc=0.999 (1996/1998)
🧮 Epoch 28: acc=1.000 (1998/1998)
🧮 Epoch 29: acc=0.997 (1992/1998)
🧮 Epoch 30: acc=0.997 (1992/1998)
🧮 Epoch 31: acc=0.999 (1997/1998)
🧮 Epoch 32: acc=0.997 (1993/1998)
🧮 Epoch 33: acc=0.998 (1994/1998)
🧮 Epoch 34: acc=0.999 (1997/1998)
🧮 Epoch 35: acc=0.997 (1992/1998)
🧮 Epoch 36: acc=0.996 (1991/1998)
🧮 Epoch 37: acc=0.998 (1994/1998)
🧮 Epoch 38: acc=0.998 (1995/1998)
🧮 Epoch 39: acc=0.997 (1993/1998)
🧮 Epoch 40: acc=0.996 (1990/1998)
✅ Math head training complete; checkpoint saved.
